Archive member included to satisfy reference by file (symbol)

/usr/lib/gcc/arm-none-eabi/14.2.1/../../../arm-none-eabi/lib/thumb/v7-m/nofp/libg.a(libc_a-strchr.o)
                              build/ff.o (strchr)
/usr/lib/gcc/arm-none-eabi/14.2.1/../../../arm-none-eabi/lib/thumb/v7-m/nofp/libg.a(libc_a-memcmp.o)
                              build/ff.o (memcmp)
/usr/lib/gcc/arm-none-eabi/14.2.1/../../../arm-none-eabi/lib/thumb/v7-m/nofp/libg.a(libc_a-memcpy.o)
                              build/ff.o (memcpy)

Discarded input sections

 .text          0x00000000        0x0 build/main.o
 .data          0x00000000        0x0 build/main.o
 .bss           0x00000000        0x0 build/main.o
 .text.disk_write
                0x00000000        0x4 build/main.o
 .text.disk_ioctl
                0x00000000       0x48 build/main.o
 .text          0x00000000        0x0 build/ff.o
 .data          0x00000000        0x0 build/ff.o
 .bss           0x00000000        0x0 build/ff.o
 .text.f_lseek  0x00000000       0xc4 build/ff.o
 .text.f_stat   0x00000000       0x4c build/ff.o
 .text          0x00000000        0x0 build/startup.o
 .data          0x00000000        0x0 build/startup.o
 .bss           0x00000000        0x0 build/startup.o
 .text          0x00000000        0x0 build/system_stm32f1xx.o
 .data          0x00000000        0x0 build/system_stm32f1xx.o
 .bss           0x00000000        0x0 build/system_stm32f1xx.o
 .rodata.APBPrescTable
                0x00000000        0x8 build/system_stm32f1xx.o
 .data          0x00000000        0x0 /usr/lib/gcc/arm-none-eabi/14.2.1/../../../arm-none-eabi/lib/thumb/v7-m/nofp/libg.a(libc_a-strchr.o)
 .bss           0x00000000        0x0 /usr/lib/gcc/arm-none-eabi/14.2.1/../../../arm-none-eabi/lib/thumb/v7-m/nofp/libg.a(libc_a-strchr.o)
 .data          0x00000000        0x0 /usr/lib/gcc/arm-none-eabi/14.2.1/../../../arm-none-eabi/lib/thumb/v7-m/nofp/libg.a(libc_a-memcmp.o)
 .bss           0x00000000        0x0 /usr/lib/gcc/arm-none-eabi/14.2.1/../../../arm-none-eabi/lib/thumb/v7-m/nofp/libg.a(libc_a-memcmp.o)
 .data          0x00000000        0x0 /usr/lib/gcc/arm-none-eabi/14.2.1/../../../arm-none-eabi/lib/thumb/v7-m/nofp/libg.a(libc_a-memcpy.o)
 .bss           0x00000000        0x0 /usr/lib/gcc/arm-none-eabi/14.2.1/../../../arm-none-eabi/lib/thumb/v7-m/nofp/libg.a(libc_a-memcpy.o)
 .ARM.extab     0x00000000        0x0 /usr/lib/gcc/arm-none-eabi/14.2.1/../../../arm-none-eabi/lib/thumb/v7-m/nofp/libg.a(libc_a-memcpy.o)

Memory Configuration

Name             Origin             Length             Attributes
FLASH            0x08000000         0x00010000         xr
SRAM             0x20000000         0x00005000         xrw
*default*        0x00000000         0xffffffff

Linker script and memory map

LOAD build/main.o
LOAD build/ff.o
LOAD build/startup.o
LOAD build/system_stm32f1xx.o
START GROUP
LOAD /usr/lib/gcc/arm-none-eabi/14.2.1/thumb/v7-m/nofp/libgcc.a
LOAD /usr/lib/gcc/arm-none-eabi/14.2.1/../../../arm-none-eabi/lib/thumb/v7-m/nofp/libg.a
LOAD /usr/lib/gcc/arm-none-eabi/14.2.1/../../../arm-none-eabi/lib/thumb/v7-m/nofp/libc.a
END GROUP
                0x20005000                        PROVIDE (_stack_top = (ORIGIN (SRAM) + LENGTH (SRAM)))

.isr_vector     0x08000000       0xec
                0x08000000                        . = ALIGN (0x4)
 *(.isr_vector)
 .isr_vector    0x08000000       0xec build/startup.o
                0x08000000                interrupt_vector
                0x080000ec                        . = ALIGN (0x4)

.text           0x080000ec     0x1da8
                0x080000ec                        . = ALIGN (0x4)
 *(.text*)
 .text.delay_ms
                0x080000ec       0x14 build/main.o
 .text.usart1_putc
                0x08000100       0x14 build/main.o
 .text.usart1_puts
                0x08000114       0x14 build/main.o
 .text.usart1_put_hex8
                0x08000128       0x20 build/main.o
 .text.usart1_put_hex16
                0x08000148       0x12 build/main.o
 .text.usart1_put_hex32
                0x0800015a       0x12 build/main.o
 .text.usart1_put_dec_u32
                0x0800016c       0x58 build/main.o
 .text.usart1_put_escaped_byte
                0x080001c4       0x48 build/main.o
 .text.usart1_init
                0x0800020c       0x60 build/main.o
 .text.led_init
                0x0800026c       0x2c build/main.o
 .text.led_set  0x08000298       0x1c build/main.o
 .text.sd_spi_set_prescaler
                0x080002b4       0x24 build/main.o
 .text.sd_spi_init
                0x080002d8       0x54 build/main.o
 .text.sd_spi_xfer
                0x0800032c       0x24 build/main.o
 .text.sd_deselect
                0x08000350       0x14 build/main.o
 .text.sd_wait_ready
                0x08000364       0x20 build/main.o
 .text.sd_select
                0x08000384       0x18 build/main.o
 .text.sd_send_initial_clocks
                0x0800039c       0x18 build/main.o
 .text.sd_send_command_selected
                0x080003b4       0x4a build/main.o
 .text.sd_send_command
                0x080003fe       0x2e build/main.o
 .text.sd_send_app_command
                0x0800042c       0x22 build/main.o
 *fill*         0x0800044e        0x2 
 .text.sd_read_data_selected
                0x08000450       0x4c build/main.o
 .text.sd_read_register
                0x0800049c       0x48 build/main.o
 .text.sd_read_ocr
                0x080004e4       0x7a build/main.o
 *fill*         0x0800055e        0x2 
 .text.sd_read_block
                0x08000560       0x54 build/main.o
 .text.sd_extract_bits
                0x080005b4       0x34 build/main.o
 .text.sd_csd_sector_count
                0x080005e8       0x56 build/main.o
 *fill*         0x0800063e        0x2 
 .text.sd_card_init
                0x08000640      0x278 build/main.o
 .text.fatfs_print_dir
                0x080008b8       0xb4 build/main.o
 .text.fatfs_dump_file_prefix
                0x0800096c       0xa8 build/main.o
 .text.SysTick_Handler
                0x08000a14       0x10 build/main.o
                0x08000a14                SysTick_Handler
 .text.disk_initialize
                0x08000a24       0x34 build/main.o
                0x08000a24                disk_initialize
 .text.disk_status
                0x08000a58       0x10 build/main.o
                0x08000a58                disk_status
 .text.disk_read
                0x08000a68       0x50 build/main.o
                0x08000a68                disk_read
 .text.main     0x08000ab8      0x150 build/main.o
                0x08000ab8                main
 .text.ld_16    0x08000c08        0xa build/ff.o
 .text.ld_32    0x08000c12       0x16 build/ff.o
 .text.dbc_1st  0x08000c28        0x4 build/ff.o
 .text.dbc_2nd  0x08000c2c        0x4 build/ff.o
 .text.clst2sect
                0x08000c30       0x18 build/ff.o
 .text.ld_clust
                0x08000c48       0x26 build/ff.o
 .text.get_fileinfo
                0x08000c6e       0x74 build/ff.o
 .text.get_ldnumber
                0x08000ce2       0x52 build/ff.o
 .text.validate
                0x08000d34       0x46 build/ff.o
 .text.move_window
                0x08000d7a       0x2a build/ff.o
 .text.check_fs
                0x08000da4       0xd4 build/ff.o
 .text.find_volume
                0x08000e78       0x70 build/ff.o
 .text.mount_volume
                0x08000ee8      0x204 build/ff.o
 .text.get_fat  0x080010ec       0xd0 build/ff.o
 .text.dir_sdi  0x080011bc       0xac build/ff.o
 .text.dir_next
                0x08001268       0x98 build/ff.o
 .text.dir_find
                0x08001300       0x5a build/ff.o
 .text.dir_read
                0x0800135a       0x5e build/ff.o
 .text.create_name
                0x080013b8      0x11c build/ff.o
 .text.follow_path
                0x080014d4       0x8c build/ff.o
 .text.f_mount  0x08001560       0x58 build/ff.o
                0x08001560                f_mount
 .text.f_open   0x080015b8       0x8a build/ff.o
                0x080015b8                f_open
 .text.f_read   0x08001642      0x138 build/ff.o
                0x08001642                f_read
 .text.f_close  0x0800177a       0x14 build/ff.o
                0x0800177a                f_close
 .text.f_opendir
                0x0800178e       0x74 build/ff.o
                0x0800178e                f_opendir
 .text.f_closedir
                0x08001802       0x14 build/ff.o
                0x08001802                f_closedir
 .text.f_readdir
                0x08001816       0x58 build/ff.o
                0x08001816                f_readdir
 .text.Default_Handler
                0x0800186e        0x2 build/startup.o
                0x0800186e                DebugMon_Handler
                0x0800186e                HardFault_Handler
                0x0800186e                PendSV_Handler
                0x0800186e                NMI_Handler
                0x0800186e                UsageFault_Handler
                0x0800186e                MemManage_Handler
                0x0800186e                SVC_Handler
                0x0800186e                BusFault_Handler
 .text.Reset_Handler
                0x08001870       0x44 build/startup.o
                0x08001870                Reset_Handler
 .text.SystemInit
                0x080018b4        0x2 build/system_stm32f1xx.o
                0x080018b4                SystemInit
 *fill*         0x080018b6        0x2 
 .text.SystemCoreClockUpdate
                0x080018b8       0x94 build/system_stm32f1xx.o
                0x080018b8                SystemCoreClockUpdate
 .text          0x0800194c       0xd0 /usr/lib/gcc/arm-none-eabi/14.2.1/../../../arm-none-eabi/lib/thumb/v7-m/nofp/libg.a(libc_a-strchr.o)
                0x0800194c                strchr
 .text          0x08001a1c       0x5c /usr/lib/gcc/arm-none-eabi/14.2.1/../../../arm-none-eabi/lib/thumb/v7-m/nofp/libg.a(libc_a-memcmp.o)
                0x08001a1c                memcmp
 .text          0x08001a78       0xec /usr/lib/gcc/arm-none-eabi/14.2.1/../../../arm-none-eabi/lib/thumb/v7-m/nofp/libg.a(libc_a-memcpy.o)
                0x08001a78                memcpy
 *(.rodata*)
 .rodata.usart1_put_escaped_byte.str1.4
                0x08001b64      0x28b build/main.o
                                  0xb (size before relaxing)
 .rodata.sd_card_init.str1.4
                0x08001def       0xcb build/main.o
 .rodata.fatfs_print_dir.str1.4
                0x08001def       0x53 build/main.o
 .rodata.fatfs_dump_file_prefix.str1.4
                0x08001def       0x22 build/main.o
 .rodata.main.str1.4
                0x08001def      0x12d build/main.o
 *fill*         0x08001def        0x1 
 .rodata.hex.0  0x08001df0       0x11 build/main.o
 .rodata.check_fs.str1.4
                0x08001e01        0x9 build/ff.o
 .rodata.create_name.str1.4
                0x08001e01        0xf build/ff.o
 *fill*         0x08001e01        0x3 
 .rodata.ExCvt  0x08001e04       0x80 build/ff.o
 .rodata.AHBPrescTable
                0x08001e84       0x10 build/system_stm32f1xx.o
                0x08001e84                AHBPrescTable
 *(.glue_7)
 .glue_7        0x08001e94        0x0 linker stubs
 *(.glue_7t)
 .glue_7t       0x08001e94        0x0 linker stubs
 *(.eh_frame*)
                0x08001e94                        . = ALIGN (0x4)

.vfp11_veneer   0x08001e94        0x0
 .vfp11_veneer  0x08001e94        0x0 linker stubs

.v4_bx          0x08001e94        0x0
 .v4_bx         0x08001e94        0x0 linker stubs

.iplt           0x08001e94        0x0
 .iplt          0x08001e94        0x0 build/main.o

.ARM.exidx      0x08001e94        0x8
                0x08001e94                        . = ALIGN (0x4)
 *(.ARM.exidx*)
 .ARM.exidx     0x08001e94        0x8 /usr/lib/gcc/arm-none-eabi/14.2.1/../../../arm-none-eabi/lib/thumb/v7-m/nofp/libg.a(libc_a-memcpy.o)
                0x08001e9c                        . = ALIGN (0x4)
                0x08001e9c                        _etext = .
                0x08001e9c                        _sidata = LOADADDR (.data)

.rel.dyn        0x08001e9c        0x0
 .rel.iplt      0x08001e9c        0x0 build/main.o

.data           0x20000000        0x8 load address 0x08001e9c
                0x20000000                        . = ALIGN (0x4)
                0x20000000                        _sdata = .
 *(.data*)
 .data.g_disk_status
                0x20000000        0x1 build/main.o
 *fill*         0x20000001        0x3 
 .data.SystemCoreClock
                0x20000004        0x4 build/system_stm32f1xx.o
                0x20000004                SystemCoreClock
                0x20000008                        . = ALIGN (0x4)
                0x20000008                        _edata = .

.igot.plt       0x20000008        0x0 load address 0x08001ea4
 .igot.plt      0x20000008        0x0 build/main.o

.bss            0x20000008       0x14 load address 0x08001ea4
                0x20000008                        . = ALIGN (0x4)
                0x20000008                        _sbss = .
 *(.bss*)
 .bss.g_sd_sector_count
                0x20000008        0x4 build/main.o
 .bss.g_sd_is_sdhc
                0x2000000c        0x1 build/main.o
 *fill*         0x2000000d        0x3 
 .bss.g_ms_ticks
                0x20000010        0x4 build/main.o
 .bss.Fsid      0x20000014        0x2 build/ff.o
 *fill*         0x20000016        0x2 
 .bss.FatFs     0x20000018        0x4 build/ff.o
 *(COMMON)
                0x2000001c                        . = ALIGN (0x4)
                0x2000001c                        _ebss = .
OUTPUT(sd_fatfs.elf elf32-littlearm)
LOAD linker stubs

.debug_info     0x00000000     0x470d
 .debug_info    0x00000000     0x26a2 build/main.o
 .debug_info    0x000026a2     0x1a6d build/ff.o
 .debug_info    0x0000410f      0x164 build/startup.o
 .debug_info    0x00004273      0x20c build/system_stm32f1xx.o
 .debug_info    0x0000447f      0x130 /usr/lib/gcc/arm-none-eabi/14.2.1/../../../arm-none-eabi/lib/thumb/v7-m/nofp/libg.a(libc_a-strchr.o)
 .debug_info    0x000045af      0x12b /usr/lib/gcc/arm-none-eabi/14.2.1/../../../arm-none-eabi/lib/thumb/v7-m/nofp/libg.a(libc_a-memcmp.o)
 .debug_info    0x000046da       0x33 /usr/lib/gcc/arm-none-eabi/14.2.1/../../../arm-none-eabi/lib/thumb/v7-m/nofp/libg.a(libc_a-memcpy.o)

.debug_abbrev   0x00000000      0xa6e
 .debug_abbrev  0x00000000      0x48d build/main.o
 .debug_abbrev  0x0000048d      0x251 build/ff.o
 .debug_abbrev  0x000006de       0xfd build/startup.o
 .debug_abbrev  0x000007db      0x144 build/system_stm32f1xx.o
 .debug_abbrev  0x0000091f       0x97 /usr/lib/gcc/arm-none-eabi/14.2.1/../../../arm-none-eabi/lib/thumb/v7-m/nofp/libg.a(libc_a-strchr.o)
 .debug_abbrev  0x000009b6       0x90 /usr/lib/gcc/arm-none-eabi/14.2.1/../../../arm-none-eabi/lib/thumb/v7-m/nofp/libg.a(libc_a-memcmp.o)
 .debug_abbrev  0x00000a46       0x28 /usr/lib/gcc/arm-none-eabi/14.2.1/../../../arm-none-eabi/lib/thumb/v7-m/nofp/libg.a(libc_a-memcpy.o)

.debug_loclists
                0x00000000     0x20db
 .debug_loclists
                0x00000000      0x918 build/main.o
 .debug_loclists
                0x00000918     0x144a build/ff.o
 .debug_loclists
                0x00001d62       0x5d build/startup.o
 .debug_loclists
                0x00001dbf       0xb7 build/system_stm32f1xx.o
 .debug_loclists
                0x00001e76      0x18f /usr/lib/gcc/arm-none-eabi/14.2.1/../../../arm-none-eabi/lib/thumb/v7-m/nofp/libg.a(libc_a-strchr.o)
 .debug_loclists
                0x00002005       0xd6 /usr/lib/gcc/arm-none-eabi/14.2.1/../../../arm-none-eabi/lib/thumb/v7-m/nofp/libg.a(libc_a-memcmp.o)

.debug_aranges  0x00000000      0x2f0
 .debug_aranges
                0x00000000      0x140 build/main.o
 .debug_aranges
                0x00000140      0x100 build/ff.o
 .debug_aranges
                0x00000240       0x28 build/startup.o
 .debug_aranges
                0x00000268       0x28 build/system_stm32f1xx.o
 .debug_aranges
                0x00000290       0x20 /usr/lib/gcc/arm-none-eabi/14.2.1/../../../arm-none-eabi/lib/thumb/v7-m/nofp/libg.a(libc_a-strchr.o)
 .debug_aranges
                0x000002b0       0x20 /usr/lib/gcc/arm-none-eabi/14.2.1/../../../arm-none-eabi/lib/thumb/v7-m/nofp/libg.a(libc_a-memcmp.o)
 .debug_aranges
                0x000002d0       0x20 /usr/lib/gcc/arm-none-eabi/14.2.1/../../../arm-none-eabi/lib/thumb/v7-m/nofp/libg.a(libc_a-memcpy.o)

.debug_rnglists
                0x00000000      0x215
 .debug_rnglists
                0x00000000       0xfb build/main.o
 .debug_rnglists
                0x000000fb       0xe7 build/ff.o
 .debug_rnglists
                0x000001e2       0x19 build/startup.o
 .debug_rnglists
                0x000001fb       0x1a build/system_stm32f1xx.o

.debug_line     0x00000000     0x2e42
 .debug_line    0x00000000      0xe1b build/main.o
 .debug_line    0x00000e1b     0x1964 build/ff.o
 .debug_line    0x0000277f       0xf3 build/startup.o
 .debug_line    0x00002872      0x1bb build/system_stm32f1xx.o
 .debug_line    0x00002a2d      0x1da /usr/lib/gcc/arm-none-eabi/14.2.1/../../../arm-none-eabi/lib/thumb/v7-m/nofp/libg.a(libc_a-strchr.o)
 .debug_line    0x00002c07      0x17e /usr/lib/gcc/arm-none-eabi/14.2.1/../../../arm-none-eabi/lib/thumb/v7-m/nofp/libg.a(libc_a-memcmp.o)
 .debug_line    0x00002d85       0xbd /usr/lib/gcc/arm-none-eabi/14.2.1/../../../arm-none-eabi/lib/thumb/v7-m/nofp/libg.a(libc_a-memcpy.o)

.debug_str      0x00000000      0xfe7
 .debug_str     0x00000000      0xfe7 build/main.o
                                0xc75 (size before relaxing)
 .debug_str     0x00000fe7      0x5fd build/ff.o
 .debug_str     0x00000fe7      0x229 build/startup.o
 .debug_str     0x00000fe7      0x268 build/system_stm32f1xx.o
 .debug_str     0x00000fe7      0x19b /usr/lib/gcc/arm-none-eabi/14.2.1/../../../arm-none-eabi/lib/thumb/v7-m/nofp/libg.a(libc_a-strchr.o)
 .debug_str     0x00000fe7      0x190 /usr/lib/gcc/arm-none-eabi/14.2.1/../../../arm-none-eabi/lib/thumb/v7-m/nofp/libg.a(libc_a-memcmp.o)
 .debug_str     0x00000fe7       0xaa /usr/lib/gcc/arm-none-eabi/14.2.1/../../../arm-none-eabi/lib/thumb/v7-m/nofp/libg.a(libc_a-memcpy.o)

.comment        0x00000000       0x4c
 .comment       0x00000000       0x4c build/main.o
                                 0x27 (size before relaxing)
 .comment       0x0000004c       0x27 build/ff.o
 .comment       0x0000004c       0x27 build/startup.o
 .comment       0x0000004c       0x27 build/system_stm32f1xx.o
 .comment       0x0000004c       0x27 /usr/lib/gcc/arm-none-eabi/14.2.1/../../../arm-none-eabi/lib/thumb/v7-m/nofp/libg.a(libc_a-strchr.o)
 .comment       0x0000004c       0x27 /usr/lib/gcc/arm-none-eabi/14.2.1/../../../arm-none-eabi/lib/thumb/v7-m/nofp/libg.a(libc_a-memcmp.o)

.ARM.attributes
                0x00000000       0x2b
 .ARM.attributes
                0x00000000       0x2d build/main.o
 .ARM.attributes
                0x0000002d       0x2d build/ff.o
 .ARM.attributes
                0x0000005a       0x2d build/startup.o
 .ARM.attributes
                0x00000087       0x2d build/system_stm32f1xx.o
 .ARM.attributes
                0x000000b4       0x2d /usr/lib/gcc/arm-none-eabi/14.2.1/../../../arm-none-eabi/lib/thumb/v7-m/nofp/libg.a(libc_a-strchr.o)
 .ARM.attributes
                0x000000e1       0x2d /usr/lib/gcc/arm-none-eabi/14.2.1/../../../arm-none-eabi/lib/thumb/v7-m/nofp/libg.a(libc_a-memcmp.o)
 .ARM.attributes
                0x0000010e       0x1b /usr/lib/gcc/arm-none-eabi/14.2.1/../../../arm-none-eabi/lib/thumb/v7-m/nofp/libg.a(libc_a-memcpy.o)

.debug_frame    0x00000000      0x814
 .debug_frame   0x00000000      0x39c build/main.o
 .debug_frame   0x0000039c      0x380 build/ff.o
 .debug_frame   0x0000071c       0x38 build/startup.o
 .debug_frame   0x00000754       0x30 build/system_stm32f1xx.o
 .debug_frame   0x00000784       0x34 /usr/lib/gcc/arm-none-eabi/14.2.1/../../../arm-none-eabi/lib/thumb/v7-m/nofp/libg.a(libc_a-strchr.o)
 .debug_frame   0x000007b8       0x34 /usr/lib/gcc/arm-none-eabi/14.2.1/../../../arm-none-eabi/lib/thumb/v7-m/nofp/libg.a(libc_a-memcmp.o)
 .debug_frame   0x000007ec       0x28 /usr/lib/gcc/arm-none-eabi/14.2.1/../../../arm-none-eabi/lib/thumb/v7-m/nofp/libg.a(libc_a-memcpy.o)

.debug_line_str
                0x00000000       0x94
 .debug_line_str
                0x00000000       0x94 /usr/lib/gcc/arm-none-eabi/14.2.1/../../../arm-none-eabi/lib/thumb/v7-m/nofp/libg.a(libc_a-memcpy.o)
