Archive member included to satisfy reference by file (symbol)

/usr/lib/gcc/arm-none-eabi/14.2.1/thumb/v6-m/nofp/libgcc.a(_udivsi3.o)
                              build/main.o (__aeabi_uidiv)
/usr/lib/gcc/arm-none-eabi/14.2.1/thumb/v6-m/nofp/libgcc.a(_dvmd_tls.o)
                              /usr/lib/gcc/arm-none-eabi/14.2.1/thumb/v6-m/nofp/libgcc.a(_udivsi3.o) (__aeabi_idiv0)
/usr/lib/gcc/arm-none-eabi/14.2.1/thumb/v6-m/nofp/libgcc.a(_aeabi_uldivmod.o)
                              build/main.o (__aeabi_uldivmod)
/usr/lib/gcc/arm-none-eabi/14.2.1/thumb/v6-m/nofp/libgcc.a(_muldi3.o)
                              build/main.o (__aeabi_lmul)
/usr/lib/gcc/arm-none-eabi/14.2.1/thumb/v6-m/nofp/libgcc.a(_udivmoddi4.o)
                              /usr/lib/gcc/arm-none-eabi/14.2.1/thumb/v6-m/nofp/libgcc.a(_aeabi_uldivmod.o) (__udivmoddi4)
/usr/lib/gcc/arm-none-eabi/14.2.1/thumb/v6-m/nofp/libgcc.a(_clzdi2.o)
                              /usr/lib/gcc/arm-none-eabi/14.2.1/thumb/v6-m/nofp/libgcc.a(_udivmoddi4.o) (__clzdi2)
/usr/lib/gcc/arm-none-eabi/14.2.1/thumb/v6-m/nofp/libgcc.a(_clzsi2.o)
                              /usr/lib/gcc/arm-none-eabi/14.2.1/thumb/v6-m/nofp/libgcc.a(_clzdi2.o) (__clzsi2)
/usr/lib/gcc/arm-none-eabi/14.2.1/../../../arm-none-eabi/lib/thumb/v6-m/nofp/libg.a(libc_a-strlen-stub.o)
                              build/main.o (strlen)
/usr/lib/gcc/arm-none-eabi/14.2.1/../../../arm-none-eabi/lib/thumb/v6-m/nofp/libg.a(libc_a-strncmp.o)
                              build/main.o (strncmp)
/usr/lib/gcc/arm-none-eabi/14.2.1/../../../arm-none-eabi/lib/thumb/v6-m/nofp/libg.a(libc_a-memcpy-stub.o)
                              build/main.o (memcpy)
/usr/lib/gcc/arm-none-eabi/14.2.1/../../../arm-none-eabi/lib/thumb/v6-m/nofp/libg.a(libc_a-strcmp.o)
                              build/main.o (strcmp)

Discarded input sections

 .text          0x00000000        0x0 build/main.o
 .data          0x00000000        0x0 build/main.o
 .bss           0x00000000        0x0 build/main.o
 .data          0x00000000        0x0 build/startup_LPC824.o
 .bss           0x00000000        0x0 build/startup_LPC824.o
 .text          0x00000000        0x0 build/system_LPC824.o
 .data          0x00000000        0x0 build/system_LPC824.o
 .bss           0x00000000        0x0 build/system_LPC824.o
 .data          0x00000000        0x0 /usr/lib/gcc/arm-none-eabi/14.2.1/thumb/v6-m/nofp/libgcc.a(_udivsi3.o)
 .bss           0x00000000        0x0 /usr/lib/gcc/arm-none-eabi/14.2.1/thumb/v6-m/nofp/libgcc.a(_udivsi3.o)
 .data          0x00000000        0x0 /usr/lib/gcc/arm-none-eabi/14.2.1/thumb/v6-m/nofp/libgcc.a(_dvmd_tls.o)
 .bss           0x00000000        0x0 /usr/lib/gcc/arm-none-eabi/14.2.1/thumb/v6-m/nofp/libgcc.a(_dvmd_tls.o)
 .data          0x00000000        0x0 /usr/lib/gcc/arm-none-eabi/14.2.1/thumb/v6-m/nofp/libgcc.a(_aeabi_uldivmod.o)
 .bss           0x00000000        0x0 /usr/lib/gcc/arm-none-eabi/14.2.1/thumb/v6-m/nofp/libgcc.a(_aeabi_uldivmod.o)
 .data          0x00000000        0x0 /usr/lib/gcc/arm-none-eabi/14.2.1/thumb/v6-m/nofp/libgcc.a(_muldi3.o)
 .bss           0x00000000        0x0 /usr/lib/gcc/arm-none-eabi/14.2.1/thumb/v6-m/nofp/libgcc.a(_muldi3.o)
 .data          0x00000000        0x0 /usr/lib/gcc/arm-none-eabi/14.2.1/thumb/v6-m/nofp/libgcc.a(_udivmoddi4.o)
 .bss           0x00000000        0x0 /usr/lib/gcc/arm-none-eabi/14.2.1/thumb/v6-m/nofp/libgcc.a(_udivmoddi4.o)
 .ARM.extab     0x00000000        0x0 /usr/lib/gcc/arm-none-eabi/14.2.1/thumb/v6-m/nofp/libgcc.a(_udivmoddi4.o)
 .data          0x00000000        0x0 /usr/lib/gcc/arm-none-eabi/14.2.1/thumb/v6-m/nofp/libgcc.a(_clzdi2.o)
 .bss           0x00000000        0x0 /usr/lib/gcc/arm-none-eabi/14.2.1/thumb/v6-m/nofp/libgcc.a(_clzdi2.o)
 .data          0x00000000        0x0 /usr/lib/gcc/arm-none-eabi/14.2.1/thumb/v6-m/nofp/libgcc.a(_clzsi2.o)
 .bss           0x00000000        0x0 /usr/lib/gcc/arm-none-eabi/14.2.1/thumb/v6-m/nofp/libgcc.a(_clzsi2.o)
 .data          0x00000000        0x0 /usr/lib/gcc/arm-none-eabi/14.2.1/../../../arm-none-eabi/lib/thumb/v6-m/nofp/libg.a(libc_a-strlen-stub.o)
 .bss           0x00000000        0x0 /usr/lib/gcc/arm-none-eabi/14.2.1/../../../arm-none-eabi/lib/thumb/v6-m/nofp/libg.a(libc_a-strlen-stub.o)
 .data          0x00000000        0x0 /usr/lib/gcc/arm-none-eabi/14.2.1/../../../arm-none-eabi/lib/thumb/v6-m/nofp/libg.a(libc_a-strncmp.o)
 .bss           0x00000000        0x0 /usr/lib/gcc/arm-none-eabi/14.2.1/../../../arm-none-eabi/lib/thumb/v6-m/nofp/libg.a(libc_a-strncmp.o)
 .data          0x00000000        0x0 /usr/lib/gcc/arm-none-eabi/14.2.1/../../../arm-none-eabi/lib/thumb/v6-m/nofp/libg.a(libc_a-memcpy-stub.o)
 .bss           0x00000000        0x0 /usr/lib/gcc/arm-none-eabi/14.2.1/../../../arm-none-eabi/lib/thumb/v6-m/nofp/libg.a(libc_a-memcpy-stub.o)
 .data          0x00000000        0x0 /usr/lib/gcc/arm-none-eabi/14.2.1/../../../arm-none-eabi/lib/thumb/v6-m/nofp/libg.a(libc_a-strcmp.o)
 .bss           0x00000000        0x0 /usr/lib/gcc/arm-none-eabi/14.2.1/../../../arm-none-eabi/lib/thumb/v6-m/nofp/libg.a(libc_a-strcmp.o)

Memory Configuration

Name             Origin             Length             Attributes
m_interrupts     0x00000000         0x00000200         xr
m_crp            0x000002fc         0x00000004         xr
m_text           0x00000300         0x00007d00         xr
m_data           0x10000000         0x00001fe0         rw
*default*        0x00000000         0xffffffff

Linker script and memory map

LOAD build/main.o
LOAD build/startup_LPC824.o
LOAD build/system_LPC824.o
                0x00000000                        __heap_size__ = 0x0
                0x00000200                        __stack_size__ = 0x200
START GROUP
LOAD /usr/lib/gcc/arm-none-eabi/14.2.1/thumb/v6-m/nofp/libgcc.a
LOAD /usr/lib/gcc/arm-none-eabi/14.2.1/../../../arm-none-eabi/lib/thumb/v6-m/nofp/libg.a
LOAD /usr/lib/gcc/arm-none-eabi/14.2.1/../../../arm-none-eabi/lib/thumb/v6-m/nofp/libc.a
END GROUP
                0x00000000                        HEAP_SIZE = DEFINED (__heap_size__)?__heap_size__:0x400
                0x00000200                        STACK_SIZE = DEFINED (__stack_size__)?__stack_size__:0x800
                0xefffd679                        __valid_user_code_checksum = (0x0 - ((((__StackTop + Reset_Handler) + NMI_Handler) + HardFault_Handler) + 0x3))

.interrupts     0x00000000       0xc0
                0x00000000                        . = ALIGN (0x4)
 *(.isr_vector)
 .isr_vector    0x00000000       0xc0 build/startup_LPC824.o
                0x00000000                __Vectors
                0x000000c0                        . = ALIGN (0x4)

.crp            0x000002fc        0x4
                0x000002fc                        . = ALIGN (0x4)
 *(.crp)
 .crp           0x000002fc        0x4 build/startup_LPC824.o
                0x00000300                        . = ALIGN (0x4)

.text           0x00000300     0x1e04
                0x00000300                        . = ALIGN (0x4)
 *(.text)
 .text          0x00000300      0x17c build/startup_LPC824.o
                0x00000300                Reset_Handler
                0x0000034c                Reserved39_DriverIRQHandler
                0x0000034c                ADC0_OVR_DriverIRQHandler
                0x0000034c                DMA0_DriverIRQHandler
                0x0000034c                SPI1_DriverIRQHandler
                0x0000034c                USART2_DriverIRQHandler
                0x0000034c                I2C3_DriverIRQHandler
                0x0000034c                USART0_DriverIRQHandler
                0x0000034c                PIN_INT3_DriverIRQHandler
                0x0000034c                PIN_INT2_DriverIRQHandler
                0x0000034c                I2C2_DriverIRQHandler
                0x0000034c                PIN_INT0_DriverIRQHandler
                0x0000034c                DefaultISR
                0x0000034c                WKT_DriverIRQHandler
                0x0000034c                MRT0_DriverIRQHandler
                0x0000034c                PIN_INT4_DriverIRQHandler
                0x0000034c                PIN_INT5_DriverIRQHandler
                0x0000034c                ADC0_THCMP_DriverIRQHandler
                0x0000034c                PIN_INT7_DriverIRQHandler
                0x0000034c                Reserved22_DriverIRQHandler
                0x0000034c                FLASH_DriverIRQHandler
                0x0000034c                ADC0_SEQB_DriverIRQHandler
                0x0000034c                PIN_INT6_DriverIRQHandler
                0x0000034c                Reserved18_DriverIRQHandler
                0x0000034c                WDT_DriverIRQHandler
                0x0000034c                PIN_INT1_DriverIRQHandler
                0x0000034c                USART1_DriverIRQHandler
                0x0000034c                BOD_DriverIRQHandler
                0x0000034c                I2C1_DriverIRQHandler
                0x0000034c                CMP_DriverIRQHandler
                0x0000034c                ADC0_SEQA_DriverIRQHandler
                0x0000034c                SPI0_DriverIRQHandler
                0x0000034c                I2C0_DriverIRQHandler
                0x0000034c                SCT0_DriverIRQHandler
                0x00000350                NMI_Handler
                0x00000354                HardFault_Handler
                0x00000358                SVC_Handler
                0x0000035c                PendSV_Handler
                0x00000360                SysTick_Handler
                0x00000364                SPI0_IRQHandler
                0x00000368                SPI1_IRQHandler
                0x0000036c                Reserved18_IRQHandler
                0x00000370                USART0_IRQHandler
                0x00000374                USART1_IRQHandler
                0x00000378                USART2_IRQHandler
                0x0000037c                Reserved22_IRQHandler
                0x00000380                I2C1_IRQHandler
                0x00000384                I2C0_IRQHandler
                0x0000038c                MRT0_IRQHandler
                0x00000390                CMP_IRQHandler
                0x00000394                WDT_IRQHandler
                0x00000398                BOD_IRQHandler
                0x0000039c                FLASH_IRQHandler
                0x000003a0                WKT_IRQHandler
                0x000003a4                ADC0_SEQA_IRQHandler
                0x000003a8                ADC0_SEQB_IRQHandler
                0x000003ac                ADC0_THCMP_IRQHandler
                0x000003b0                ADC0_OVR_IRQHandler
                0x000003b8                I2C2_IRQHandler
                0x000003bc                I2C3_IRQHandler
                0x000003c0                Reserved39_IRQHandler
                0x000003c4                PIN_INT0_IRQHandler
                0x000003c8                PIN_INT1_IRQHandler
                0x000003cc                PIN_INT2_IRQHandler
                0x000003d0                PIN_INT3_IRQHandler
                0x000003d4                PIN_INT4_IRQHandler
                0x000003d8                PIN_INT5_IRQHandler
                0x000003dc                PIN_INT6_IRQHandler
                0x000003e0                PIN_INT7_IRQHandler
 .text          0x0000047c      0x114 /usr/lib/gcc/arm-none-eabi/14.2.1/thumb/v6-m/nofp/libgcc.a(_udivsi3.o)
                0x0000047c                __udivsi3
                0x0000047c                __aeabi_uidiv
                0x00000588                __aeabi_uidivmod
 .text          0x00000590        0x4 /usr/lib/gcc/arm-none-eabi/14.2.1/thumb/v6-m/nofp/libgcc.a(_dvmd_tls.o)
                0x00000590                __aeabi_ldiv0
                0x00000590                __aeabi_idiv0
 .text          0x00000594       0x40 /usr/lib/gcc/arm-none-eabi/14.2.1/thumb/v6-m/nofp/libgcc.a(_aeabi_uldivmod.o)
                0x00000594                __aeabi_uldivmod
 .text          0x000005d4       0x5c /usr/lib/gcc/arm-none-eabi/14.2.1/thumb/v6-m/nofp/libgcc.a(_muldi3.o)
                0x000005d4                __aeabi_lmul
                0x000005d4                __muldi3
 .text          0x00000630      0x198 /usr/lib/gcc/arm-none-eabi/14.2.1/thumb/v6-m/nofp/libgcc.a(_udivmoddi4.o)
                0x00000630                __udivmoddi4
 .text          0x000007c8       0x18 /usr/lib/gcc/arm-none-eabi/14.2.1/thumb/v6-m/nofp/libgcc.a(_clzdi2.o)
                0x000007c8                __clzdi2
 .text          0x000007e0       0x3c /usr/lib/gcc/arm-none-eabi/14.2.1/thumb/v6-m/nofp/libgcc.a(_clzsi2.o)
                0x000007e0                __clzsi2
 .text          0x0000081c       0x5c /usr/lib/gcc/arm-none-eabi/14.2.1/../../../arm-none-eabi/lib/thumb/v6-m/nofp/libg.a(libc_a-strlen-stub.o)
                0x0000081c                strlen
 .text          0x00000878       0x74 /usr/lib/gcc/arm-none-eabi/14.2.1/../../../arm-none-eabi/lib/thumb/v6-m/nofp/libg.a(libc_a-strncmp.o)
                0x00000878                strncmp
 .text          0x000008ec       0x8c /usr/lib/gcc/arm-none-eabi/14.2.1/../../../arm-none-eabi/lib/thumb/v6-m/nofp/libg.a(libc_a-memcpy-stub.o)
                0x000008ec                memcpy
 .text          0x00000978       0x88 /usr/lib/gcc/arm-none-eabi/14.2.1/../../../arm-none-eabi/lib/thumb/v6-m/nofp/libg.a(libc_a-strcmp.o)
                0x00000978                strcmp
 *(.text*)
 .text.debug_pin_pulse
                0x00000a00       0x20 build/main.o
 .text.mode_to_string
                0x00000a20       0x2c build/main.o
 .text.format_to_string
                0x00000a4c       0x40 build/main.o
 .text.parse_u32
                0x00000a8c       0x36 build/main.o
 *fill*         0x00000ac2        0x2 
 .text.usart0_assign_pins
                0x00000ac4       0x14 build/main.o
 .text.sct_assign_transducer_pins
                0x00000ad8       0x24 build/main.o
 .text.adc3_enable_fixed_pin
                0x00000afc       0x18 build/main.o
 .text.usart0_configure_baud
                0x00000b14      0x17c build/main.o
 .text.usart0_init
                0x00000c90       0x48 build/main.o
 .text.uart_rx_ready
                0x00000cd8       0x10 build/main.o
 .text.uart_read_byte
                0x00000ce8        0xc build/main.o
 .text.estimate_envelope_sample_count
                0x00000cf4       0x2c build/main.o
 .text.capture_is_active
                0x00000d20       0x24 build/main.o
 .text.sct_halt
                0x00000d44       0x10 build/main.o
 .text.sct_run  0x00000d54       0x10 build/main.o
 .text.sct_reset_block
                0x00000d64       0x60 build/main.o
 .text.sct_configure_match_event
                0x00000dc4       0x20 build/main.o
 .text.sct_set_match
                0x00000de4       0x18 build/main.o
 .text.setup_sct_for_transducer
                0x00000dfc       0x84 build/main.o
 .text.setup_sct_for_adc
                0x00000e80       0x70 build/main.o
 .text.dma_xfercfg
                0x00000ef0       0x2c build/main.o
 .text.setup_dma_for_adc
                0x00000f1c       0xe0 build/main.o
 .text.adc_init
                0x00000ffc       0x84 build/main.o
 .text.build_envelope_frame
                0x00001080       0x90 build/main.o
 .text.crc16_ccitt_update
                0x00001110       0x28 build/main.o
 .text.apply_default_configuration
                0x00001138       0x30 build/main.o
 .text.queue_completed_command
                0x00001168       0x70 build/main.o
 .text.pump_uart_rx
                0x000011d8       0x48 build/main.o
 .text.uart_write_byte
                0x00001220       0x20 build/main.o
 .text.uart_write_decimal
                0x00001240       0x48 build/main.o
 .text.uart_write_string
                0x00001288       0x14 build/main.o
 .text.uart_write_crlf
                0x0000129c       0x10 build/main.o
 .text.emit_info
                0x000012ac       0x24 build/main.o
 .text.emit_config
                0x000012d0       0x98 build/main.o
 .text.emit_done_stopped
                0x00001368       0x14 build/main.o
 .text.emit_ok  0x0000137c       0x14 build/main.o
 .text.emit_done_frames
                0x00001390       0x1c build/main.o
 .text.uart_write_data
                0x000013ac       0x18 build/main.o
 .text.emit_error
                0x000013c4       0x2c build/main.o
 .text.emit_query_value
                0x000013f0       0x28 build/main.o
 .text.emit_query_value_u32
                0x00001418       0x28 build/main.o
 .text.capture_frame
                0x00001440       0x8c build/main.o
 .text.emit_frame_compact
                0x000014cc       0x50 build/main.o
 .text.emit_frame_text
                0x0000151c       0x70 build/main.o
 .text.emit_frame_binary
                0x0000158c       0xec build/main.o
 .text.emit_frame_envelope
                0x00001678       0x50 build/main.o
 .text.emit_current_frame
                0x000016c8       0x5c build/main.o
 .text.string_starts_with
                0x00001724       0x1e build/main.o
 .text.string_equals
                0x00001742        0xe build/main.o
 .text.handle_command
                0x00001750      0x47c build/main.o
 .text.service_pending_command
                0x00001bcc       0x60 build/main.o
 .text.DMA0_IRQHandler
                0x00001c2c       0x20 build/main.o
                0x00001c2c                DMA0_IRQHandler
 .text.SCT0_IRQHandler
                0x00001c4c       0x24 build/main.o
                0x00001c4c                SCT0_IRQHandler
 .text.main     0x00001c70       0x9c build/main.o
                0x00001c70                main
 .text.CLOCK_GetSystemPLLInClkRate
                0x00001d0c       0x1c build/system_LPC824.o
 .text.Clock_GetPLLFreq
                0x00001d28        0xc build/system_LPC824.o
 .text.SystemCoreClockUpdate
                0x00001d34      0x13c build/system_LPC824.o
                0x00001d34                SystemCoreClockUpdate
 .text.SystemInitHook
                0x00001e70        0x2 build/system_LPC824.o
                0x00001e70                SystemInitHook
 *fill*         0x00001e72        0x2 
 .text.SystemInit
                0x00001e74       0x24 build/system_LPC824.o
                0x00001e74                SystemInit
 *(.rodata)
 *(.rodata*)
 .rodata.mode_to_string.str1.4
                0x00001e98      0x214 build/main.o
                                 0x24 (size before relaxing)
 .rodata.format_to_string.str1.4
                0x000020ac       0x18 build/main.o
 .rodata.emit_info.str1.4
                0x000020ac       0x34 build/main.o
 .rodata.emit_config.str1.4
                0x000020ac       0x55 build/main.o
 .rodata.emit_done_stopped.str1.4
                0x000020ac        0xf build/main.o
 .rodata.emit_ok.str1.4
                0x000020ac        0x3 build/main.o
 .rodata.emit_done_frames.str1.4
                0x000020ac        0xf build/main.o
 .rodata.emit_error.str1.4
                0x000020ac        0x6 build/main.o
 .rodata.emit_query_value.str1.4
                0x000020ac        0x3 build/main.o
 .rodata.emit_frame_text.str1.4
                0x000020ac       0x10 build/main.o
 .rodata.emit_current_frame.str1.4
                0x000020ac        0x7 build/main.o
 .rodata.handle_command.str1.4
                0x000020ac       0xfe build/main.o
 .rodata.service_pending_command.str1.4
                0x000020ac        0x8 build/main.o
 .rodata.g_default_config
                0x000020ac       0x18 build/main.o
 .rodata.SystemCoreClockUpdate
                0x000020c4       0x40 build/system_LPC824.o
 *(.glue_7)
 .glue_7        0x00002104        0x0 linker stubs
 *(.glue_7t)
 .glue_7t       0x00002104        0x0 linker stubs
 *(.eh_frame)
 *(.init)
 *(.fini)
                0x000021ac                        . = ALIGN (0x4)

.vfp11_veneer   0x00002104        0x0
 .vfp11_veneer  0x00002104        0x0 linker stubs

.v4_bx          0x00002104        0x0
 .v4_bx         0x00002104        0x0 linker stubs

.iplt           0x00002104        0x0
 .iplt          0x00002104        0x0 build/main.o

.ARM.extab
 *(.ARM.extab* .gnu.linkonce.armextab.*)

.ARM            0x00002104        0x8
                0x00002104                        __exidx_start = .
 *(.ARM.exidx*)
 .ARM.exidx     0x00002104        0x8 /usr/lib/gcc/arm-none-eabi/14.2.1/thumb/v6-m/nofp/libgcc.a(_udivmoddi4.o)
                0x0000210c                        __exidx_end = .

.rel.dyn        0x0000210c        0x0
 .rel.iplt      0x0000210c        0x0 build/main.o

.ctors          0x0000210c        0x0
                0x0000210c                        __CTOR_LIST__ = .
 *crtbegin.o(.ctors)
 *crtbegin?.o(.ctors)
 *(EXCLUDE_FILE(*crtend.o *crtend?.o) .ctors)
 *(SORT_BY_NAME(.ctors.*))
 *(.ctors)
                0x0000210c                        __CTOR_END__ = .

.dtors          0x0000210c        0x0
                0x0000210c                        __DTOR_LIST__ = .
 *crtbegin.o(.dtors)
 *crtbegin?.o(.dtors)
 *(EXCLUDE_FILE(*crtend.o *crtend?.o) .dtors)
 *(SORT_BY_NAME(.dtors.*))
 *(.dtors)
                0x0000210c                        __DTOR_END__ = .

.preinit_array  0x0000210c        0x0
                [!provide]                        PROVIDE (__preinit_array_start = .)
 *(.preinit_array*)
                [!provide]                        PROVIDE (__preinit_array_end = .)

.init_array     0x0000210c        0x0
                [!provide]                        PROVIDE (__init_array_start = .)
 *(SORT_BY_NAME(.init_array.*))
 *(.init_array*)
                [!provide]                        PROVIDE (__init_array_end = .)

.fini_array     0x0000210c        0x0
                [!provide]                        PROVIDE (__fini_array_start = .)
 *(SORT_BY_NAME(.fini_array.*))
 *(.fini_array*)
                [!provide]                        PROVIDE (__fini_array_end = .)
                0x0000210c                        __etext = .
                0x0000210c                        __DATA_ROM = .

.data           0x10000000       0x24 load address 0x0000210c
                0x10000000                        . = ALIGN (0x4)
                0x10000000                        __DATA_RAM = .
                0x10000000                        __data_start__ = .
 *(.ramfunc*)
 *(.data)
 *(.data*)
 .data.g_continuous_active
                0x10000000        0x1 build/main.o
 *fill*         0x10000001        0x3 
 .data.g_config
                0x10000004       0x18 build/main.o
 .data.g_output_sample_count
                0x1000001c        0x4 build/main.o
 .data.SystemCoreClock
                0x10000020        0x4 build/system_LPC824.o
                0x10000020                SystemCoreClock
 *(.jcr*)
                0x10000024                        . = ALIGN (0x4)
                0x10000024                        __data_end__ = .
                0x00002130                        __DATA_END = (__DATA_ROM + (__data_end__ - __data_start__))
                0x00008000                        text_end = (ORIGIN (m_text) + LENGTH (m_text))
                0x00000001                        ASSERT ((__DATA_END <= text_end), region m_text overflowed with text and data)

.igot.plt       0x10000024        0x0 load address 0x00002130
 .igot.plt      0x10000024        0x0 build/main.o

.bss            0x10000200     0x1b20 load address 0x00002400
                0x10000200                        . = ALIGN (0x4)
                0x10000200                        __START_BSS = .
                0x10000200                        __bss_start__ = .
 *(.bss)
 *(.bss*)
 .bss.g_pending_command_dropped
                0x10000200        0x1 build/main.o
 .bss.g_pending_command_toolong
                0x10000201        0x1 build/main.o
 .bss.g_pending_command_ready
                0x10000202        0x1 build/main.o
 .bss.g_command_overflow
                0x10000203        0x1 build/main.o
 .bss.g_command_length
                0x10000204        0x4 build/main.o
 .bss.g_pending_command_buffer
                0x10000208       0x60 build/main.o
 .bss.g_command_buffer
                0x10000268       0x60 build/main.o
 .bss.g_frame_sequence
                0x100002c8        0x4 build/main.o
 .bss.g_pending_frames
                0x100002cc        0x4 build/main.o
 .bss.g_pulse_cycle_count
                0x100002d0        0x4 build/main.o
 .bss.g_dma_block_count
                0x100002d4        0x4 build/main.o
 .bss.g_adc_buffer
                0x100002d8     0x1800 build/main.o
 *fill*         0x10001ad8        0x8 
 .bss.g_dma_desc_c
                0x10001ae0       0x10 build/main.o
 .bss.g_dma_desc_b
                0x10001af0       0x10 build/main.o
 *fill*         0x10001b00      0x100 
 .bss.g_dma_table
                0x10001c00      0x120 build/main.o
 *(COMMON)
                0x10001d20                        . = ALIGN (0x4)
                0x10001d20                        __bss_end__ = .
                0x10001d20                        __END_BSS = .

.heap           0x10001d20        0x0
                0x10001d20                        . = ALIGN (0x8)
                0x10001d20                        __end__ = .
                [!provide]                        PROVIDE (end = .)
                0x10001d20                        __HeapBase = .
                0x10001d20                        . = (. + HEAP_SIZE)
                0x10001d20                        __HeapLimit = .
                0x10001d20                        __heap_limit = .

.stack          0x10001d20      0x200 load address 0x00003f20
                0x10001d20                        . = ALIGN (0x8)
                0x10001f20                        . = (. + STACK_SIZE)
 *fill*         0x10001d20      0x200 
                0x10001fe0                        __StackTop = (ORIGIN (m_data) + LENGTH (m_data))
                0x10001de0                        __StackLimit = (__StackTop - STACK_SIZE)
                [!provide]                        PROVIDE (__stack = __StackTop)

.ARM.attributes
                0x00000000       0x2a
 *(.ARM.attributes)
 .ARM.attributes
                0x00000000       0x2c build/main.o
 .ARM.attributes
                0x0000002c       0x1b build/startup_LPC824.o
 .ARM.attributes
                0x00000047       0x2c build/system_LPC824.o
 .ARM.attributes
                0x00000073       0x1e /usr/lib/gcc/arm-none-eabi/14.2.1/thumb/v6-m/nofp/libgcc.a(_udivsi3.o)
 .ARM.attributes
                0x00000091       0x1e /usr/lib/gcc/arm-none-eabi/14.2.1/thumb/v6-m/nofp/libgcc.a(_dvmd_tls.o)
 .ARM.attributes
                0x000000af       0x1e /usr/lib/gcc/arm-none-eabi/14.2.1/thumb/v6-m/nofp/libgcc.a(_aeabi_uldivmod.o)
 .ARM.attributes
                0x000000cd       0x2c /usr/lib/gcc/arm-none-eabi/14.2.1/thumb/v6-m/nofp/libgcc.a(_muldi3.o)
 .ARM.attributes
                0x000000f9       0x2c /usr/lib/gcc/arm-none-eabi/14.2.1/thumb/v6-m/nofp/libgcc.a(_udivmoddi4.o)
 .ARM.attributes
                0x00000125       0x1e /usr/lib/gcc/arm-none-eabi/14.2.1/thumb/v6-m/nofp/libgcc.a(_clzdi2.o)
 .ARM.attributes
                0x00000143       0x1e /usr/lib/gcc/arm-none-eabi/14.2.1/thumb/v6-m/nofp/libgcc.a(_clzsi2.o)
 .ARM.attributes
                0x00000161       0x2c /usr/lib/gcc/arm-none-eabi/14.2.1/../../../arm-none-eabi/lib/thumb/v6-m/nofp/libg.a(libc_a-strlen-stub.o)
 .ARM.attributes
                0x0000018d       0x2c /usr/lib/gcc/arm-none-eabi/14.2.1/../../../arm-none-eabi/lib/thumb/v6-m/nofp/libg.a(libc_a-strncmp.o)
 .ARM.attributes
                0x000001b9       0x2c /usr/lib/gcc/arm-none-eabi/14.2.1/../../../arm-none-eabi/lib/thumb/v6-m/nofp/libg.a(libc_a-memcpy-stub.o)
 .ARM.attributes
                0x000001e5       0x1b /usr/lib/gcc/arm-none-eabi/14.2.1/../../../arm-none-eabi/lib/thumb/v6-m/nofp/libg.a(libc_a-strcmp.o)
                0x00000001                        ASSERT ((__StackLimit >= __HeapLimit), region m_data overflowed with stack and heap)
OUTPUT(ultrasonic_ranger.elf elf32-littlearm)
LOAD linker stubs

.debug_info     0x00000000     0x4bef
 .debug_info    0x00000000     0x3665 build/main.o
 .debug_info    0x00003665      0x37b build/startup_LPC824.o
 .debug_info    0x000039e0      0x5d4 build/system_LPC824.o
 .debug_info    0x00003fb4       0x3e /usr/lib/gcc/arm-none-eabi/14.2.1/thumb/v6-m/nofp/libgcc.a(_udivsi3.o)
 .debug_info    0x00003ff2       0x3c /usr/lib/gcc/arm-none-eabi/14.2.1/thumb/v6-m/nofp/libgcc.a(_dvmd_tls.o)
 .debug_info    0x0000402e       0x31 /usr/lib/gcc/arm-none-eabi/14.2.1/thumb/v6-m/nofp/libgcc.a(_aeabi_uldivmod.o)
 .debug_info    0x0000405f      0x420 /usr/lib/gcc/arm-none-eabi/14.2.1/thumb/v6-m/nofp/libgcc.a(_muldi3.o)
 .debug_info    0x0000447f      0x3a3 /usr/lib/gcc/arm-none-eabi/14.2.1/thumb/v6-m/nofp/libgcc.a(_udivmoddi4.o)
 .debug_info    0x00004822       0x24 /usr/lib/gcc/arm-none-eabi/14.2.1/thumb/v6-m/nofp/libgcc.a(_clzdi2.o)
 .debug_info    0x00004846       0x31 /usr/lib/gcc/arm-none-eabi/14.2.1/thumb/v6-m/nofp/libgcc.a(_clzsi2.o)
 .debug_info    0x00004877       0xeb /usr/lib/gcc/arm-none-eabi/14.2.1/../../../arm-none-eabi/lib/thumb/v6-m/nofp/libg.a(libc_a-strlen-stub.o)
 .debug_info    0x00004962      0x108 /usr/lib/gcc/arm-none-eabi/14.2.1/../../../arm-none-eabi/lib/thumb/v6-m/nofp/libg.a(libc_a-strncmp.o)
 .debug_info    0x00004a6a      0x152 /usr/lib/gcc/arm-none-eabi/14.2.1/../../../arm-none-eabi/lib/thumb/v6-m/nofp/libg.a(libc_a-memcpy-stub.o)
 .debug_info    0x00004bbc       0x33 /usr/lib/gcc/arm-none-eabi/14.2.1/../../../arm-none-eabi/lib/thumb/v6-m/nofp/libg.a(libc_a-strcmp.o)

.debug_abbrev   0x00000000      0xcab
 .debug_abbrev  0x00000000      0x582 build/main.o
 .debug_abbrev  0x00000582       0x26 build/startup_LPC824.o
 .debug_abbrev  0x000005a8      0x1cb build/system_LPC824.o
 .debug_abbrev  0x00000773       0x28 /usr/lib/gcc/arm-none-eabi/14.2.1/thumb/v6-m/nofp/libgcc.a(_udivsi3.o)
 .debug_abbrev  0x0000079b       0x26 /usr/lib/gcc/arm-none-eabi/14.2.1/thumb/v6-m/nofp/libgcc.a(_dvmd_tls.o)
 .debug_abbrev  0x000007c1       0x28 /usr/lib/gcc/arm-none-eabi/14.2.1/thumb/v6-m/nofp/libgcc.a(_aeabi_uldivmod.o)
 .debug_abbrev  0x000007e9      0x152 /usr/lib/gcc/arm-none-eabi/14.2.1/thumb/v6-m/nofp/libgcc.a(_muldi3.o)
 .debug_abbrev  0x0000093b      0x120 /usr/lib/gcc/arm-none-eabi/14.2.1/thumb/v6-m/nofp/libgcc.a(_udivmoddi4.o)
 .debug_abbrev  0x00000a5b       0x14 /usr/lib/gcc/arm-none-eabi/14.2.1/thumb/v6-m/nofp/libgcc.a(_clzdi2.o)
 .debug_abbrev  0x00000a6f       0x28 /usr/lib/gcc/arm-none-eabi/14.2.1/thumb/v6-m/nofp/libgcc.a(_clzsi2.o)
 .debug_abbrev  0x00000a97       0x90 /usr/lib/gcc/arm-none-eabi/14.2.1/../../../arm-none-eabi/lib/thumb/v6-m/nofp/libg.a(libc_a-strlen-stub.o)
 .debug_abbrev  0x00000b27       0x92 /usr/lib/gcc/arm-none-eabi/14.2.1/../../../arm-none-eabi/lib/thumb/v6-m/nofp/libg.a(libc_a-strncmp.o)
 .debug_abbrev  0x00000bb9       0xca /usr/lib/gcc/arm-none-eabi/14.2.1/../../../arm-none-eabi/lib/thumb/v6-m/nofp/libg.a(libc_a-memcpy-stub.o)
 .debug_abbrev  0x00000c83       0x28 /usr/lib/gcc/arm-none-eabi/14.2.1/../../../arm-none-eabi/lib/thumb/v6-m/nofp/libg.a(libc_a-strcmp.o)

.debug_loclists
                0x00000000     0x1517
 .debug_loclists
                0x00000000      0xb46 build/main.o
 .debug_loclists
                0x00000b46      0x1b3 build/system_LPC824.o
 .debug_loclists
                0x00000cf9      0x13c /usr/lib/gcc/arm-none-eabi/14.2.1/thumb/v6-m/nofp/libgcc.a(_muldi3.o)
 .debug_loclists
                0x00000e35      0x2bf /usr/lib/gcc/arm-none-eabi/14.2.1/thumb/v6-m/nofp/libgcc.a(_udivmoddi4.o)
 .debug_loclists
                0x000010f4       0x57 /usr/lib/gcc/arm-none-eabi/14.2.1/../../../arm-none-eabi/lib/thumb/v6-m/nofp/libg.a(libc_a-strlen-stub.o)
 .debug_loclists
                0x0000114b      0x105 /usr/lib/gcc/arm-none-eabi/14.2.1/../../../arm-none-eabi/lib/thumb/v6-m/nofp/libg.a(libc_a-strncmp.o)
 .debug_loclists
                0x00001250      0x2c7 /usr/lib/gcc/arm-none-eabi/14.2.1/../../../arm-none-eabi/lib/thumb/v6-m/nofp/libg.a(libc_a-memcpy-stub.o)

.debug_aranges  0x00000000      0x388
 .debug_aranges
                0x00000000      0x1c8 build/main.o
 .debug_aranges
                0x000001c8       0x20 build/startup_LPC824.o
 .debug_aranges
                0x000001e8       0x40 build/system_LPC824.o
 .debug_aranges
                0x00000228       0x20 /usr/lib/gcc/arm-none-eabi/14.2.1/thumb/v6-m/nofp/libgcc.a(_udivsi3.o)
 .debug_aranges
                0x00000248       0x20 /usr/lib/gcc/arm-none-eabi/14.2.1/thumb/v6-m/nofp/libgcc.a(_dvmd_tls.o)
 .debug_aranges
                0x00000268       0x20 /usr/lib/gcc/arm-none-eabi/14.2.1/thumb/v6-m/nofp/libgcc.a(_aeabi_uldivmod.o)
 .debug_aranges
                0x00000288       0x20 /usr/lib/gcc/arm-none-eabi/14.2.1/thumb/v6-m/nofp/libgcc.a(_muldi3.o)
 .debug_aranges
                0x000002a8       0x20 /usr/lib/gcc/arm-none-eabi/14.2.1/thumb/v6-m/nofp/libgcc.a(_udivmoddi4.o)
 .debug_aranges
                0x000002c8       0x20 /usr/lib/gcc/arm-none-eabi/14.2.1/thumb/v6-m/nofp/libgcc.a(_clzdi2.o)
 .debug_aranges
                0x000002e8       0x20 /usr/lib/gcc/arm-none-eabi/14.2.1/thumb/v6-m/nofp/libgcc.a(_clzsi2.o)
 .debug_aranges
                0x00000308       0x20 /usr/lib/gcc/arm-none-eabi/14.2.1/../../../arm-none-eabi/lib/thumb/v6-m/nofp/libg.a(libc_a-strlen-stub.o)
 .debug_aranges
                0x00000328       0x20 /usr/lib/gcc/arm-none-eabi/14.2.1/../../../arm-none-eabi/lib/thumb/v6-m/nofp/libg.a(libc_a-strncmp.o)
 .debug_aranges
                0x00000348       0x20 /usr/lib/gcc/arm-none-eabi/14.2.1/../../../arm-none-eabi/lib/thumb/v6-m/nofp/libg.a(libc_a-memcpy-stub.o)
 .debug_aranges
                0x00000368       0x20 /usr/lib/gcc/arm-none-eabi/14.2.1/../../../arm-none-eabi/lib/thumb/v6-m/nofp/libg.a(libc_a-strcmp.o)

.debug_rnglists
                0x00000000      0x256
 .debug_rnglists
                0x00000000      0x208 build/main.o
 .debug_rnglists
                0x00000208       0x2c build/system_LPC824.o
 .debug_rnglists
                0x00000234       0x22 /usr/lib/gcc/arm-none-eabi/14.2.1/thumb/v6-m/nofp/libgcc.a(_muldi3.o)

.debug_line     0x00000000     0x26fc
 .debug_line    0x00000000     0x1813 build/main.o
 .debug_line    0x00001813      0x136 build/startup_LPC824.o
 .debug_line    0x00001949      0x33e build/system_LPC824.o
 .debug_line    0x00001c87       0x56 /usr/lib/gcc/arm-none-eabi/14.2.1/thumb/v6-m/nofp/libgcc.a(_udivsi3.o)
 .debug_line    0x00001cdd       0x4a /usr/lib/gcc/arm-none-eabi/14.2.1/thumb/v6-m/nofp/libgcc.a(_dvmd_tls.o)
 .debug_line    0x00001d27       0x55 /usr/lib/gcc/arm-none-eabi/14.2.1/thumb/v6-m/nofp/libgcc.a(_aeabi_uldivmod.o)
 .debug_line    0x00001d7c      0x118 /usr/lib/gcc/arm-none-eabi/14.2.1/thumb/v6-m/nofp/libgcc.a(_muldi3.o)
 .debug_line    0x00001e94      0x1bc /usr/lib/gcc/arm-none-eabi/14.2.1/thumb/v6-m/nofp/libgcc.a(_udivmoddi4.o)
 .debug_line    0x00002050       0x54 /usr/lib/gcc/arm-none-eabi/14.2.1/thumb/v6-m/nofp/libgcc.a(_clzdi2.o)
 .debug_line    0x000020a4       0x5e /usr/lib/gcc/arm-none-eabi/14.2.1/thumb/v6-m/nofp/libgcc.a(_clzsi2.o)
 .debug_line    0x00002102      0x1ae /usr/lib/gcc/arm-none-eabi/14.2.1/../../../arm-none-eabi/lib/thumb/v6-m/nofp/libg.a(libc_a-strlen-stub.o)
 .debug_line    0x000022b0      0x1da /usr/lib/gcc/arm-none-eabi/14.2.1/../../../arm-none-eabi/lib/thumb/v6-m/nofp/libg.a(libc_a-strncmp.o)
 .debug_line    0x0000248a      0x1eb /usr/lib/gcc/arm-none-eabi/14.2.1/../../../arm-none-eabi/lib/thumb/v6-m/nofp/libg.a(libc_a-memcpy-stub.o)
 .debug_line    0x00002675       0x87 /usr/lib/gcc/arm-none-eabi/14.2.1/../../../arm-none-eabi/lib/thumb/v6-m/nofp/libg.a(libc_a-strcmp.o)

.debug_str      0x00000000     0x2258
 .debug_str     0x00000000     0x2258 build/main.o
                               0x13b6 (size before relaxing)
 .debug_str     0x00002258      0x635 build/startup_LPC824.o
 .debug_str     0x00002258      0x4e4 build/system_LPC824.o
 .debug_str     0x00002258       0xb9 /usr/lib/gcc/arm-none-eabi/14.2.1/thumb/v6-m/nofp/libgcc.a(_udivsi3.o)
 .debug_str     0x00002258       0xba /usr/lib/gcc/arm-none-eabi/14.2.1/thumb/v6-m/nofp/libgcc.a(_dvmd_tls.o)
 .debug_str     0x00002258       0xaf /usr/lib/gcc/arm-none-eabi/14.2.1/thumb/v6-m/nofp/libgcc.a(_aeabi_uldivmod.o)
 .debug_str     0x00002258      0x663 /usr/lib/gcc/arm-none-eabi/14.2.1/thumb/v6-m/nofp/libgcc.a(_muldi3.o)
 .debug_str     0x00002258      0x639 /usr/lib/gcc/arm-none-eabi/14.2.1/thumb/v6-m/nofp/libgcc.a(_udivmoddi4.o)
 .debug_str     0x00002258       0x9e /usr/lib/gcc/arm-none-eabi/14.2.1/thumb/v6-m/nofp/libgcc.a(_clzdi2.o)
 .debug_str     0x00002258       0xa7 /usr/lib/gcc/arm-none-eabi/14.2.1/thumb/v6-m/nofp/libgcc.a(_clzsi2.o)
 .debug_str     0x00002258      0x1ae /usr/lib/gcc/arm-none-eabi/14.2.1/../../../arm-none-eabi/lib/thumb/v6-m/nofp/libg.a(libc_a-strlen-stub.o)
 .debug_str     0x00002258      0x193 /usr/lib/gcc/arm-none-eabi/14.2.1/../../../arm-none-eabi/lib/thumb/v6-m/nofp/libg.a(libc_a-strncmp.o)
 .debug_str     0x00002258      0x1c2 /usr/lib/gcc/arm-none-eabi/14.2.1/../../../arm-none-eabi/lib/thumb/v6-m/nofp/libg.a(libc_a-memcpy-stub.o)
 .debug_str     0x00002258       0xaa /usr/lib/gcc/arm-none-eabi/14.2.1/../../../arm-none-eabi/lib/thumb/v6-m/nofp/libg.a(libc_a-strcmp.o)

.comment        0x00000000       0x4c
 .comment       0x00000000       0x4c build/main.o
                                 0x27 (size before relaxing)
 .comment       0x0000004c       0x27 build/system_LPC824.o
 .comment       0x0000004c       0x27 /usr/lib/gcc/arm-none-eabi/14.2.1/thumb/v6-m/nofp/libgcc.a(_muldi3.o)
 .comment       0x0000004c       0x27 /usr/lib/gcc/arm-none-eabi/14.2.1/thumb/v6-m/nofp/libgcc.a(_udivmoddi4.o)
 .comment       0x0000004c       0x27 /usr/lib/gcc/arm-none-eabi/14.2.1/../../../arm-none-eabi/lib/thumb/v6-m/nofp/libg.a(libc_a-strlen-stub.o)
 .comment       0x0000004c       0x27 /usr/lib/gcc/arm-none-eabi/14.2.1/../../../arm-none-eabi/lib/thumb/v6-m/nofp/libg.a(libc_a-strncmp.o)
 .comment       0x0000004c       0x27 /usr/lib/gcc/arm-none-eabi/14.2.1/../../../arm-none-eabi/lib/thumb/v6-m/nofp/libg.a(libc_a-memcpy-stub.o)

.debug_frame    0x00000000      0x6b4
 .debug_frame   0x00000000      0x510 build/main.o
 .debug_frame   0x00000510       0x70 build/system_LPC824.o
 .debug_frame   0x00000580       0x20 /usr/lib/gcc/arm-none-eabi/14.2.1/thumb/v6-m/nofp/libgcc.a(_udivsi3.o)
 .debug_frame   0x000005a0       0x34 /usr/lib/gcc/arm-none-eabi/14.2.1/thumb/v6-m/nofp/libgcc.a(_muldi3.o)
 .debug_frame   0x000005d4       0x3c /usr/lib/gcc/arm-none-eabi/14.2.1/thumb/v6-m/nofp/libgcc.a(_udivmoddi4.o)
 .debug_frame   0x00000610       0x28 /usr/lib/gcc/arm-none-eabi/14.2.1/../../../arm-none-eabi/lib/thumb/v6-m/nofp/libg.a(libc_a-strlen-stub.o)
 .debug_frame   0x00000638       0x2c /usr/lib/gcc/arm-none-eabi/14.2.1/../../../arm-none-eabi/lib/thumb/v6-m/nofp/libg.a(libc_a-strncmp.o)
 .debug_frame   0x00000664       0x30 /usr/lib/gcc/arm-none-eabi/14.2.1/../../../arm-none-eabi/lib/thumb/v6-m/nofp/libg.a(libc_a-memcpy-stub.o)
 .debug_frame   0x00000694       0x20 /usr/lib/gcc/arm-none-eabi/14.2.1/../../../arm-none-eabi/lib/thumb/v6-m/nofp/libg.a(libc_a-strcmp.o)

.debug_line_str
                0x00000000      0x1a5
 .debug_line_str
                0x00000000      0x1a5 build/startup_LPC824.o
                                 0x75 (size before relaxing)
 .debug_line_str
                0x000001a5       0x90 /usr/lib/gcc/arm-none-eabi/14.2.1/thumb/v6-m/nofp/libgcc.a(_udivsi3.o)
 .debug_line_str
                0x000001a5       0x90 /usr/lib/gcc/arm-none-eabi/14.2.1/thumb/v6-m/nofp/libgcc.a(_dvmd_tls.o)
 .debug_line_str
                0x000001a5       0x90 /usr/lib/gcc/arm-none-eabi/14.2.1/thumb/v6-m/nofp/libgcc.a(_aeabi_uldivmod.o)
 .debug_line_str
                0x000001a5       0x90 /usr/lib/gcc/arm-none-eabi/14.2.1/thumb/v6-m/nofp/libgcc.a(_clzdi2.o)
 .debug_line_str
                0x000001a5       0x90 /usr/lib/gcc/arm-none-eabi/14.2.1/thumb/v6-m/nofp/libgcc.a(_clzsi2.o)
 .debug_line_str
                0x000001a5       0x94 /usr/lib/gcc/arm-none-eabi/14.2.1/../../../arm-none-eabi/lib/thumb/v6-m/nofp/libg.a(libc_a-strcmp.o)
