Archive member included to satisfy reference by file (symbol)

/usr/lib/gcc/arm-none-eabi/14.2.1/thumb/v6-m/nofp/libgcc.a(_udivsi3.o)
                              build/main.o (__aeabi_uidiv)
/usr/lib/gcc/arm-none-eabi/14.2.1/thumb/v6-m/nofp/libgcc.a(_dvmd_tls.o)
                              /usr/lib/gcc/arm-none-eabi/14.2.1/thumb/v6-m/nofp/libgcc.a(_udivsi3.o) (__aeabi_idiv0)
/usr/lib/gcc/arm-none-eabi/14.2.1/thumb/v6-m/nofp/libgcc.a(_aeabi_uldivmod.o)
                              build/main.o (__aeabi_uldivmod)
/usr/lib/gcc/arm-none-eabi/14.2.1/thumb/v6-m/nofp/libgcc.a(_muldi3.o)
                              build/main.o (__aeabi_lmul)
/usr/lib/gcc/arm-none-eabi/14.2.1/thumb/v6-m/nofp/libgcc.a(_udivmoddi4.o)
                              /usr/lib/gcc/arm-none-eabi/14.2.1/thumb/v6-m/nofp/libgcc.a(_aeabi_uldivmod.o) (__udivmoddi4)
/usr/lib/gcc/arm-none-eabi/14.2.1/thumb/v6-m/nofp/libgcc.a(_clzdi2.o)
                              /usr/lib/gcc/arm-none-eabi/14.2.1/thumb/v6-m/nofp/libgcc.a(_udivmoddi4.o) (__clzdi2)
/usr/lib/gcc/arm-none-eabi/14.2.1/thumb/v6-m/nofp/libgcc.a(_clzsi2.o)
                              /usr/lib/gcc/arm-none-eabi/14.2.1/thumb/v6-m/nofp/libgcc.a(_clzdi2.o) (__clzsi2)

Discarded input sections

 .text          0x00000000        0x0 build/main.o
 .data          0x00000000        0x0 build/main.o
 .bss           0x00000000        0x0 build/main.o
 .data          0x00000000        0x0 build/startup_LPC824.o
 .bss           0x00000000        0x0 build/startup_LPC824.o
 .text          0x00000000        0x0 build/system_LPC824.o
 .data          0x00000000        0x0 build/system_LPC824.o
 .bss           0x00000000        0x0 build/system_LPC824.o
 .data          0x00000000        0x0 /usr/lib/gcc/arm-none-eabi/14.2.1/thumb/v6-m/nofp/libgcc.a(_udivsi3.o)
 .bss           0x00000000        0x0 /usr/lib/gcc/arm-none-eabi/14.2.1/thumb/v6-m/nofp/libgcc.a(_udivsi3.o)
 .data          0x00000000        0x0 /usr/lib/gcc/arm-none-eabi/14.2.1/thumb/v6-m/nofp/libgcc.a(_dvmd_tls.o)
 .bss           0x00000000        0x0 /usr/lib/gcc/arm-none-eabi/14.2.1/thumb/v6-m/nofp/libgcc.a(_dvmd_tls.o)
 .data          0x00000000        0x0 /usr/lib/gcc/arm-none-eabi/14.2.1/thumb/v6-m/nofp/libgcc.a(_aeabi_uldivmod.o)
 .bss           0x00000000        0x0 /usr/lib/gcc/arm-none-eabi/14.2.1/thumb/v6-m/nofp/libgcc.a(_aeabi_uldivmod.o)
 .data          0x00000000        0x0 /usr/lib/gcc/arm-none-eabi/14.2.1/thumb/v6-m/nofp/libgcc.a(_muldi3.o)
 .bss           0x00000000        0x0 /usr/lib/gcc/arm-none-eabi/14.2.1/thumb/v6-m/nofp/libgcc.a(_muldi3.o)
 .data          0x00000000        0x0 /usr/lib/gcc/arm-none-eabi/14.2.1/thumb/v6-m/nofp/libgcc.a(_udivmoddi4.o)
 .bss           0x00000000        0x0 /usr/lib/gcc/arm-none-eabi/14.2.1/thumb/v6-m/nofp/libgcc.a(_udivmoddi4.o)
 .ARM.extab     0x00000000        0x0 /usr/lib/gcc/arm-none-eabi/14.2.1/thumb/v6-m/nofp/libgcc.a(_udivmoddi4.o)
 .data          0x00000000        0x0 /usr/lib/gcc/arm-none-eabi/14.2.1/thumb/v6-m/nofp/libgcc.a(_clzdi2.o)
 .bss           0x00000000        0x0 /usr/lib/gcc/arm-none-eabi/14.2.1/thumb/v6-m/nofp/libgcc.a(_clzdi2.o)
 .data          0x00000000        0x0 /usr/lib/gcc/arm-none-eabi/14.2.1/thumb/v6-m/nofp/libgcc.a(_clzsi2.o)
 .bss           0x00000000        0x0 /usr/lib/gcc/arm-none-eabi/14.2.1/thumb/v6-m/nofp/libgcc.a(_clzsi2.o)

Memory Configuration

Name             Origin             Length             Attributes
m_interrupts     0x00000000         0x00000200         xr
m_crp            0x000002fc         0x00000004         xr
m_text           0x00000300         0x00007d00         xr
m_data           0x10000000         0x00001fe0         rw
*default*        0x00000000         0xffffffff

Linker script and memory map

LOAD build/main.o
LOAD build/startup_LPC824.o
LOAD build/system_LPC824.o
                0x00000000                        __heap_size__ = 0x0
                0x00000200                        __stack_size__ = 0x200
START GROUP
LOAD /usr/lib/gcc/arm-none-eabi/14.2.1/thumb/v6-m/nofp/libgcc.a
LOAD /usr/lib/gcc/arm-none-eabi/14.2.1/../../../arm-none-eabi/lib/thumb/v6-m/nofp/libg.a
LOAD /usr/lib/gcc/arm-none-eabi/14.2.1/../../../arm-none-eabi/lib/thumb/v6-m/nofp/libc.a
END GROUP
                0x00000000                        HEAP_SIZE = DEFINED (__heap_size__)?__heap_size__:0x400
                0x00000200                        STACK_SIZE = DEFINED (__stack_size__)?__stack_size__:0x800
                0xefffd679                        __valid_user_code_checksum = (0x0 - ((((__StackTop + Reset_Handler) + NMI_Handler) + HardFault_Handler) + 0x3))

.interrupts     0x00000000       0xc0
                0x00000000                        . = ALIGN (0x4)
 *(.isr_vector)
 .isr_vector    0x00000000       0xc0 build/startup_LPC824.o
                0x00000000                __Vectors
                0x000000c0                        . = ALIGN (0x4)

.crp            0x000002fc        0x4
                0x000002fc                        . = ALIGN (0x4)
 *(.crp)
 .crp           0x000002fc        0x4 build/startup_LPC824.o
                0x00000300                        . = ALIGN (0x4)

.text           0x00000300      0xe78
                0x00000300                        . = ALIGN (0x4)
 *(.text)
 .text          0x00000300      0x17c build/startup_LPC824.o
                0x00000300                Reset_Handler
                0x0000034c                Reserved39_DriverIRQHandler
                0x0000034c                ADC0_OVR_DriverIRQHandler
                0x0000034c                DMA0_DriverIRQHandler
                0x0000034c                SPI1_DriverIRQHandler
                0x0000034c                USART2_DriverIRQHandler
                0x0000034c                I2C3_DriverIRQHandler
                0x0000034c                USART0_DriverIRQHandler
                0x0000034c                PIN_INT3_DriverIRQHandler
                0x0000034c                PIN_INT2_DriverIRQHandler
                0x0000034c                I2C2_DriverIRQHandler
                0x0000034c                PIN_INT0_DriverIRQHandler
                0x0000034c                DefaultISR
                0x0000034c                WKT_DriverIRQHandler
                0x0000034c                MRT0_DriverIRQHandler
                0x0000034c                PIN_INT4_DriverIRQHandler
                0x0000034c                PIN_INT5_DriverIRQHandler
                0x0000034c                ADC0_THCMP_DriverIRQHandler
                0x0000034c                PIN_INT7_DriverIRQHandler
                0x0000034c                Reserved22_DriverIRQHandler
                0x0000034c                FLASH_DriverIRQHandler
                0x0000034c                ADC0_SEQB_DriverIRQHandler
                0x0000034c                PIN_INT6_DriverIRQHandler
                0x0000034c                Reserved18_DriverIRQHandler
                0x0000034c                WDT_DriverIRQHandler
                0x0000034c                PIN_INT1_DriverIRQHandler
                0x0000034c                USART1_DriverIRQHandler
                0x0000034c                BOD_DriverIRQHandler
                0x0000034c                I2C1_DriverIRQHandler
                0x0000034c                CMP_DriverIRQHandler
                0x0000034c                ADC0_SEQA_DriverIRQHandler
                0x0000034c                SPI0_DriverIRQHandler
                0x0000034c                I2C0_DriverIRQHandler
                0x0000034c                SCT0_DriverIRQHandler
                0x00000350                NMI_Handler
                0x00000354                HardFault_Handler
                0x00000358                SVC_Handler
                0x0000035c                PendSV_Handler
                0x00000360                SysTick_Handler
                0x00000364                SPI0_IRQHandler
                0x00000368                SPI1_IRQHandler
                0x0000036c                Reserved18_IRQHandler
                0x00000370                USART0_IRQHandler
                0x00000374                USART1_IRQHandler
                0x00000378                USART2_IRQHandler
                0x0000037c                Reserved22_IRQHandler
                0x00000380                I2C1_IRQHandler
                0x00000384                I2C0_IRQHandler
                0x0000038c                MRT0_IRQHandler
                0x00000390                CMP_IRQHandler
                0x00000394                WDT_IRQHandler
                0x00000398                BOD_IRQHandler
                0x0000039c                FLASH_IRQHandler
                0x000003a0                WKT_IRQHandler
                0x000003a4                ADC0_SEQA_IRQHandler
                0x000003a8                ADC0_SEQB_IRQHandler
                0x000003ac                ADC0_THCMP_IRQHandler
                0x000003b0                ADC0_OVR_IRQHandler
                0x000003b8                I2C2_IRQHandler
                0x000003bc                I2C3_IRQHandler
                0x000003c0                Reserved39_IRQHandler
                0x000003c4                PIN_INT0_IRQHandler
                0x000003c8                PIN_INT1_IRQHandler
                0x000003cc                PIN_INT2_IRQHandler
                0x000003d0                PIN_INT3_IRQHandler
                0x000003d4                PIN_INT4_IRQHandler
                0x000003d8                PIN_INT5_IRQHandler
                0x000003dc                PIN_INT6_IRQHandler
                0x000003e0                PIN_INT7_IRQHandler
 .text          0x0000047c      0x114 /usr/lib/gcc/arm-none-eabi/14.2.1/thumb/v6-m/nofp/libgcc.a(_udivsi3.o)
                0x0000047c                __udivsi3
                0x0000047c                __aeabi_uidiv
                0x00000588                __aeabi_uidivmod
 .text          0x00000590        0x4 /usr/lib/gcc/arm-none-eabi/14.2.1/thumb/v6-m/nofp/libgcc.a(_dvmd_tls.o)
                0x00000590                __aeabi_ldiv0
                0x00000590                __aeabi_idiv0
 .text          0x00000594       0x40 /usr/lib/gcc/arm-none-eabi/14.2.1/thumb/v6-m/nofp/libgcc.a(_aeabi_uldivmod.o)
                0x00000594                __aeabi_uldivmod
 .text          0x000005d4       0x5c /usr/lib/gcc/arm-none-eabi/14.2.1/thumb/v6-m/nofp/libgcc.a(_muldi3.o)
                0x000005d4                __aeabi_lmul
                0x000005d4                __muldi3
 .text          0x00000630      0x198 /usr/lib/gcc/arm-none-eabi/14.2.1/thumb/v6-m/nofp/libgcc.a(_udivmoddi4.o)
                0x00000630                __udivmoddi4
 .text          0x000007c8       0x18 /usr/lib/gcc/arm-none-eabi/14.2.1/thumb/v6-m/nofp/libgcc.a(_clzdi2.o)
                0x000007c8                __clzdi2
 .text          0x000007e0       0x3c /usr/lib/gcc/arm-none-eabi/14.2.1/thumb/v6-m/nofp/libgcc.a(_clzsi2.o)
                0x000007e0                __clzsi2
 *(.text*)
 .text.debug_pin_pulse
                0x0000081c       0x20 build/main.o
 .text.usart0_assign_pins
                0x0000083c       0x14 build/main.o
 .text.sct_assign_transducer_pins
                0x00000850       0x24 build/main.o
 .text.adc3_enable_fixed_pin
                0x00000874       0x18 build/main.o
 .text.usart0_configure_baud
                0x0000088c      0x17c build/main.o
 .text.usart0_init
                0x00000a08       0x48 build/main.o
 .text.uart_write_byte
                0x00000a50       0x14 build/main.o
 .text.uart_write_string
                0x00000a64       0x14 build/main.o
 .text.sct_halt
                0x00000a78       0x10 build/main.o
 .text.sct_run  0x00000a88       0x10 build/main.o
 .text.sct_reset_block
                0x00000a98       0x60 build/main.o
 .text.sct_configure_match_event
                0x00000af8       0x20 build/main.o
 .text.sct_set_match
                0x00000b18       0x18 build/main.o
 .text.setup_sct_for_transducer
                0x00000b30       0x80 build/main.o
 .text.setup_sct_for_adc
                0x00000bb0       0x6c build/main.o
 .text.dma_xfercfg
                0x00000c1c       0x2c build/main.o
 .text.setup_dma_for_adc
                0x00000c48       0xe0 build/main.o
 .text.adc_init
                0x00000d28       0x84 build/main.o
 .text.DMA0_IRQHandler
                0x00000dac       0x20 build/main.o
                0x00000dac                DMA0_IRQHandler
 .text.SCT0_IRQHandler
                0x00000dcc       0x24 build/main.o
                0x00000dcc                SCT0_IRQHandler
 .text.main     0x00000df0      0x128 build/main.o
                0x00000df0                main
 .text.CLOCK_GetSystemPLLInClkRate
                0x00000f18       0x1c build/system_LPC824.o
 .text.Clock_GetPLLFreq
                0x00000f34        0xc build/system_LPC824.o
 .text.SystemCoreClockUpdate
                0x00000f40      0x13c build/system_LPC824.o
                0x00000f40                SystemCoreClockUpdate
 .text.SystemInitHook
                0x0000107c        0x2 build/system_LPC824.o
                0x0000107c                SystemInitHook
 *fill*         0x0000107e        0x2 
 .text.SystemInit
                0x00001080       0x24 build/system_LPC824.o
                0x00001080                SystemInit
 *(.rodata)
 *(.rodata*)
 .rodata.main.str1.4
                0x000010a4       0x93 build/main.o
 *fill*         0x00001137        0x1 
 .rodata.SystemCoreClockUpdate
                0x00001138       0x40 build/system_LPC824.o
 *(.glue_7)
 .glue_7        0x00001178        0x0 linker stubs
 *(.glue_7t)
 .glue_7t       0x00001178        0x0 linker stubs
 *(.eh_frame)
 *(.init)
 *(.fini)
                0x00001178                        . = ALIGN (0x4)

.vfp11_veneer   0x00001178        0x0
 .vfp11_veneer  0x00001178        0x0 linker stubs

.v4_bx          0x00001178        0x0
 .v4_bx         0x00001178        0x0 linker stubs

.iplt           0x00001178        0x0
 .iplt          0x00001178        0x0 build/main.o

.ARM.extab
 *(.ARM.extab* .gnu.linkonce.armextab.*)

.ARM            0x00001178        0x8
                0x00001178                        __exidx_start = .
 *(.ARM.exidx*)
 .ARM.exidx     0x00001178        0x8 /usr/lib/gcc/arm-none-eabi/14.2.1/thumb/v6-m/nofp/libgcc.a(_udivmoddi4.o)
                0x00001180                        __exidx_end = .

.rel.dyn        0x00001180        0x0
 .rel.iplt      0x00001180        0x0 build/main.o

.ctors          0x00001180        0x0
                0x00001180                        __CTOR_LIST__ = .
 *crtbegin.o(.ctors)
 *crtbegin?.o(.ctors)
 *(EXCLUDE_FILE(*crtend.o *crtend?.o) .ctors)
 *(SORT_BY_NAME(.ctors.*))
 *(.ctors)
                0x00001180                        __CTOR_END__ = .

.dtors          0x00001180        0x0
                0x00001180                        __DTOR_LIST__ = .
 *crtbegin.o(.dtors)
 *crtbegin?.o(.dtors)
 *(EXCLUDE_FILE(*crtend.o *crtend?.o) .dtors)
 *(SORT_BY_NAME(.dtors.*))
 *(.dtors)
                0x00001180                        __DTOR_END__ = .

.preinit_array  0x00001180        0x0
                [!provide]                        PROVIDE (__preinit_array_start = .)
 *(.preinit_array*)
                [!provide]                        PROVIDE (__preinit_array_end = .)

.init_array     0x00001180        0x0
                [!provide]                        PROVIDE (__init_array_start = .)
 *(SORT_BY_NAME(.init_array.*))
 *(.init_array*)
                [!provide]                        PROVIDE (__init_array_end = .)

.fini_array     0x00001180        0x0
                [!provide]                        PROVIDE (__fini_array_start = .)
 *(SORT_BY_NAME(.fini_array.*))
 *(.fini_array*)
                [!provide]                        PROVIDE (__fini_array_end = .)
                0x00001180                        __etext = .
                0x00001180                        __DATA_ROM = .

.data           0x10000000        0x4 load address 0x00001180
                0x10000000                        . = ALIGN (0x4)
                0x10000000                        __DATA_RAM = .
                0x10000000                        __data_start__ = .
 *(.ramfunc*)
 *(.data)
 *(.data*)
 .data.SystemCoreClock
                0x10000000        0x4 build/system_LPC824.o
                0x10000000                SystemCoreClock
 *(.jcr*)
                0x10000004                        . = ALIGN (0x4)
                0x10000004                        __data_end__ = .
                0x00001184                        __DATA_END = (__DATA_ROM + (__data_end__ - __data_start__))
                0x00008000                        text_end = (ORIGIN (m_text) + LENGTH (m_text))
                0x00000001                        ASSERT ((__DATA_END <= text_end), region m_text overflowed with text and data)

.igot.plt       0x10000004        0x0 load address 0x00001184
 .igot.plt      0x10000004        0x0 build/main.o

.bss            0x10000200     0x1b20 load address 0x00001400
                0x10000200                        . = ALIGN (0x4)
                0x10000200                        __START_BSS = .
                0x10000200                        __bss_start__ = .
 *(.bss)
 *(.bss*)
 .bss.g_pulse_cycle_count
                0x10000200        0x4 build/main.o
 .bss.g_dma_block_count
                0x10000204        0x4 build/main.o
 .bss.g_adc_buffer
                0x10000208     0x1800 build/main.o
 *fill*         0x10001a08        0x8 
 .bss.g_dma_desc_c
                0x10001a10       0x10 build/main.o
 .bss.g_dma_desc_b
                0x10001a20       0x10 build/main.o
 *fill*         0x10001a30      0x1d0 
 .bss.g_dma_table
                0x10001c00      0x120 build/main.o
 *(COMMON)
                0x10001d20                        . = ALIGN (0x4)
                0x10001d20                        __bss_end__ = .
                0x10001d20                        __END_BSS = .

.heap           0x10001d20        0x0
                0x10001d20                        . = ALIGN (0x8)
                0x10001d20                        __end__ = .
                [!provide]                        PROVIDE (end = .)
                0x10001d20                        __HeapBase = .
                0x10001d20                        . = (. + HEAP_SIZE)
                0x10001d20                        __HeapLimit = .
                0x10001d20                        __heap_limit = .

.stack          0x10001d20      0x200 load address 0x00002f20
                0x10001d20                        . = ALIGN (0x8)
                0x10001f20                        . = (. + STACK_SIZE)
 *fill*         0x10001d20      0x200 
                0x10001fe0                        __StackTop = (ORIGIN (m_data) + LENGTH (m_data))
                0x10001de0                        __StackLimit = (__StackTop - STACK_SIZE)
                [!provide]                        PROVIDE (__stack = __StackTop)

.ARM.attributes
                0x00000000       0x2a
 *(.ARM.attributes)
 .ARM.attributes
                0x00000000       0x2c build/main.o
 .ARM.attributes
                0x0000002c       0x1b build/startup_LPC824.o
 .ARM.attributes
                0x00000047       0x2c build/system_LPC824.o
 .ARM.attributes
                0x00000073       0x1e /usr/lib/gcc/arm-none-eabi/14.2.1/thumb/v6-m/nofp/libgcc.a(_udivsi3.o)
 .ARM.attributes
                0x00000091       0x1e /usr/lib/gcc/arm-none-eabi/14.2.1/thumb/v6-m/nofp/libgcc.a(_dvmd_tls.o)
 .ARM.attributes
                0x000000af       0x1e /usr/lib/gcc/arm-none-eabi/14.2.1/thumb/v6-m/nofp/libgcc.a(_aeabi_uldivmod.o)
 .ARM.attributes
                0x000000cd       0x2c /usr/lib/gcc/arm-none-eabi/14.2.1/thumb/v6-m/nofp/libgcc.a(_muldi3.o)
 .ARM.attributes
                0x000000f9       0x2c /usr/lib/gcc/arm-none-eabi/14.2.1/thumb/v6-m/nofp/libgcc.a(_udivmoddi4.o)
 .ARM.attributes
                0x00000125       0x1e /usr/lib/gcc/arm-none-eabi/14.2.1/thumb/v6-m/nofp/libgcc.a(_clzdi2.o)
 .ARM.attributes
                0x00000143       0x1e /usr/lib/gcc/arm-none-eabi/14.2.1/thumb/v6-m/nofp/libgcc.a(_clzsi2.o)
                0x00000001                        ASSERT ((__StackLimit >= __HeapLimit), region m_data overflowed with stack and heap)
OUTPUT(ultrasonic_ranger.elf elf32-littlearm)
LOAD linker stubs

.debug_info     0x00000000     0x31cb
 .debug_info    0x00000000     0x1fb9 build/main.o
 .debug_info    0x00001fb9      0x37b build/startup_LPC824.o
 .debug_info    0x00002334      0x5d4 build/system_LPC824.o
 .debug_info    0x00002908       0x3e /usr/lib/gcc/arm-none-eabi/14.2.1/thumb/v6-m/nofp/libgcc.a(_udivsi3.o)
 .debug_info    0x00002946       0x3c /usr/lib/gcc/arm-none-eabi/14.2.1/thumb/v6-m/nofp/libgcc.a(_dvmd_tls.o)
 .debug_info    0x00002982       0x31 /usr/lib/gcc/arm-none-eabi/14.2.1/thumb/v6-m/nofp/libgcc.a(_aeabi_uldivmod.o)
 .debug_info    0x000029b3      0x420 /usr/lib/gcc/arm-none-eabi/14.2.1/thumb/v6-m/nofp/libgcc.a(_muldi3.o)
 .debug_info    0x00002dd3      0x3a3 /usr/lib/gcc/arm-none-eabi/14.2.1/thumb/v6-m/nofp/libgcc.a(_udivmoddi4.o)
 .debug_info    0x00003176       0x24 /usr/lib/gcc/arm-none-eabi/14.2.1/thumb/v6-m/nofp/libgcc.a(_clzdi2.o)
 .debug_info    0x0000319a       0x31 /usr/lib/gcc/arm-none-eabi/14.2.1/thumb/v6-m/nofp/libgcc.a(_clzsi2.o)

.debug_abbrev   0x00000000      0x9e1
 .debug_abbrev  0x00000000      0x4cc build/main.o
 .debug_abbrev  0x000004cc       0x26 build/startup_LPC824.o
 .debug_abbrev  0x000004f2      0x1cb build/system_LPC824.o
 .debug_abbrev  0x000006bd       0x28 /usr/lib/gcc/arm-none-eabi/14.2.1/thumb/v6-m/nofp/libgcc.a(_udivsi3.o)
 .debug_abbrev  0x000006e5       0x26 /usr/lib/gcc/arm-none-eabi/14.2.1/thumb/v6-m/nofp/libgcc.a(_dvmd_tls.o)
 .debug_abbrev  0x0000070b       0x28 /usr/lib/gcc/arm-none-eabi/14.2.1/thumb/v6-m/nofp/libgcc.a(_aeabi_uldivmod.o)
 .debug_abbrev  0x00000733      0x152 /usr/lib/gcc/arm-none-eabi/14.2.1/thumb/v6-m/nofp/libgcc.a(_muldi3.o)
 .debug_abbrev  0x00000885      0x120 /usr/lib/gcc/arm-none-eabi/14.2.1/thumb/v6-m/nofp/libgcc.a(_udivmoddi4.o)
 .debug_abbrev  0x000009a5       0x14 /usr/lib/gcc/arm-none-eabi/14.2.1/thumb/v6-m/nofp/libgcc.a(_clzdi2.o)
 .debug_abbrev  0x000009b9       0x28 /usr/lib/gcc/arm-none-eabi/14.2.1/thumb/v6-m/nofp/libgcc.a(_clzsi2.o)

.debug_loclists
                0x00000000      0x9e6
 .debug_loclists
                0x00000000      0x438 build/main.o
 .debug_loclists
                0x00000438      0x1b3 build/system_LPC824.o
 .debug_loclists
                0x000005eb      0x13c /usr/lib/gcc/arm-none-eabi/14.2.1/thumb/v6-m/nofp/libgcc.a(_muldi3.o)
 .debug_loclists
                0x00000727      0x2bf /usr/lib/gcc/arm-none-eabi/14.2.1/thumb/v6-m/nofp/libgcc.a(_udivmoddi4.o)

.debug_aranges  0x00000000      0x200
 .debug_aranges
                0x00000000       0xc0 build/main.o
 .debug_aranges
                0x000000c0       0x20 build/startup_LPC824.o
 .debug_aranges
                0x000000e0       0x40 build/system_LPC824.o
 .debug_aranges
                0x00000120       0x20 /usr/lib/gcc/arm-none-eabi/14.2.1/thumb/v6-m/nofp/libgcc.a(_udivsi3.o)
 .debug_aranges
                0x00000140       0x20 /usr/lib/gcc/arm-none-eabi/14.2.1/thumb/v6-m/nofp/libgcc.a(_dvmd_tls.o)
 .debug_aranges
                0x00000160       0x20 /usr/lib/gcc/arm-none-eabi/14.2.1/thumb/v6-m/nofp/libgcc.a(_aeabi_uldivmod.o)
 .debug_aranges
                0x00000180       0x20 /usr/lib/gcc/arm-none-eabi/14.2.1/thumb/v6-m/nofp/libgcc.a(_muldi3.o)
 .debug_aranges
                0x000001a0       0x20 /usr/lib/gcc/arm-none-eabi/14.2.1/thumb/v6-m/nofp/libgcc.a(_udivmoddi4.o)
 .debug_aranges
                0x000001c0       0x20 /usr/lib/gcc/arm-none-eabi/14.2.1/thumb/v6-m/nofp/libgcc.a(_clzdi2.o)
 .debug_aranges
                0x000001e0       0x20 /usr/lib/gcc/arm-none-eabi/14.2.1/thumb/v6-m/nofp/libgcc.a(_clzsi2.o)

.debug_rnglists
                0x00000000       0xf8
 .debug_rnglists
                0x00000000       0xaa build/main.o
 .debug_rnglists
                0x000000aa       0x2c build/system_LPC824.o
 .debug_rnglists
                0x000000d6       0x22 /usr/lib/gcc/arm-none-eabi/14.2.1/thumb/v6-m/nofp/libgcc.a(_muldi3.o)

.debug_line     0x00000000     0x13b3
 .debug_line    0x00000000      0xac4 build/main.o
 .debug_line    0x00000ac4      0x136 build/startup_LPC824.o
 .debug_line    0x00000bfa      0x33e build/system_LPC824.o
 .debug_line    0x00000f38       0x56 /usr/lib/gcc/arm-none-eabi/14.2.1/thumb/v6-m/nofp/libgcc.a(_udivsi3.o)
 .debug_line    0x00000f8e       0x4a /usr/lib/gcc/arm-none-eabi/14.2.1/thumb/v6-m/nofp/libgcc.a(_dvmd_tls.o)
 .debug_line    0x00000fd8       0x55 /usr/lib/gcc/arm-none-eabi/14.2.1/thumb/v6-m/nofp/libgcc.a(_aeabi_uldivmod.o)
 .debug_line    0x0000102d      0x118 /usr/lib/gcc/arm-none-eabi/14.2.1/thumb/v6-m/nofp/libgcc.a(_muldi3.o)
 .debug_line    0x00001145      0x1bc /usr/lib/gcc/arm-none-eabi/14.2.1/thumb/v6-m/nofp/libgcc.a(_udivmoddi4.o)
 .debug_line    0x00001301       0x54 /usr/lib/gcc/arm-none-eabi/14.2.1/thumb/v6-m/nofp/libgcc.a(_clzdi2.o)
 .debug_line    0x00001355       0x5e /usr/lib/gcc/arm-none-eabi/14.2.1/thumb/v6-m/nofp/libgcc.a(_clzsi2.o)

.debug_str      0x00000000     0x1b72
 .debug_str     0x00000000     0x1b72 build/main.o
                                0xe52 (size before relaxing)
 .debug_str     0x00001b72      0x635 build/startup_LPC824.o
 .debug_str     0x00001b72      0x4e4 build/system_LPC824.o
 .debug_str     0x00001b72       0xb9 /usr/lib/gcc/arm-none-eabi/14.2.1/thumb/v6-m/nofp/libgcc.a(_udivsi3.o)
 .debug_str     0x00001b72       0xba /usr/lib/gcc/arm-none-eabi/14.2.1/thumb/v6-m/nofp/libgcc.a(_dvmd_tls.o)
 .debug_str     0x00001b72       0xaf /usr/lib/gcc/arm-none-eabi/14.2.1/thumb/v6-m/nofp/libgcc.a(_aeabi_uldivmod.o)
 .debug_str     0x00001b72      0x663 /usr/lib/gcc/arm-none-eabi/14.2.1/thumb/v6-m/nofp/libgcc.a(_muldi3.o)
 .debug_str     0x00001b72      0x639 /usr/lib/gcc/arm-none-eabi/14.2.1/thumb/v6-m/nofp/libgcc.a(_udivmoddi4.o)
 .debug_str     0x00001b72       0x9e /usr/lib/gcc/arm-none-eabi/14.2.1/thumb/v6-m/nofp/libgcc.a(_clzdi2.o)
 .debug_str     0x00001b72       0xa7 /usr/lib/gcc/arm-none-eabi/14.2.1/thumb/v6-m/nofp/libgcc.a(_clzsi2.o)

.comment        0x00000000       0x26
 .comment       0x00000000       0x26 build/main.o
                                 0x27 (size before relaxing)
 .comment       0x00000026       0x27 build/system_LPC824.o
 .comment       0x00000026       0x27 /usr/lib/gcc/arm-none-eabi/14.2.1/thumb/v6-m/nofp/libgcc.a(_muldi3.o)
 .comment       0x00000026       0x27 /usr/lib/gcc/arm-none-eabi/14.2.1/thumb/v6-m/nofp/libgcc.a(_udivmoddi4.o)

.debug_frame    0x00000000      0x2e8
 .debug_frame   0x00000000      0x1e8 build/main.o
 .debug_frame   0x000001e8       0x70 build/system_LPC824.o
 .debug_frame   0x00000258       0x20 /usr/lib/gcc/arm-none-eabi/14.2.1/thumb/v6-m/nofp/libgcc.a(_udivsi3.o)
 .debug_frame   0x00000278       0x34 /usr/lib/gcc/arm-none-eabi/14.2.1/thumb/v6-m/nofp/libgcc.a(_muldi3.o)
 .debug_frame   0x000002ac       0x3c /usr/lib/gcc/arm-none-eabi/14.2.1/thumb/v6-m/nofp/libgcc.a(_udivmoddi4.o)

.debug_line_str
                0x00000000      0x111
 .debug_line_str
                0x00000000      0x111 build/startup_LPC824.o
                                 0x75 (size before relaxing)
 .debug_line_str
                0x00000111       0x90 /usr/lib/gcc/arm-none-eabi/14.2.1/thumb/v6-m/nofp/libgcc.a(_udivsi3.o)
 .debug_line_str
                0x00000111       0x90 /usr/lib/gcc/arm-none-eabi/14.2.1/thumb/v6-m/nofp/libgcc.a(_dvmd_tls.o)
 .debug_line_str
                0x00000111       0x90 /usr/lib/gcc/arm-none-eabi/14.2.1/thumb/v6-m/nofp/libgcc.a(_aeabi_uldivmod.o)
 .debug_line_str
                0x00000111       0x90 /usr/lib/gcc/arm-none-eabi/14.2.1/thumb/v6-m/nofp/libgcc.a(_clzdi2.o)
 .debug_line_str
                0x00000111       0x90 /usr/lib/gcc/arm-none-eabi/14.2.1/thumb/v6-m/nofp/libgcc.a(_clzsi2.o)
