
Discarded input sections

 .text          0x00000000        0x0 build/main.o
 .data          0x00000000        0x0 build/main.o
 .bss           0x00000000        0x0 build/main.o
 .text          0x00000000        0x0 build/startup.o
 .data          0x00000000        0x0 build/startup.o
 .bss           0x00000000        0x0 build/startup.o
 .text          0x00000000        0x0 build/system_stm32f1xx.o
 .data          0x00000000        0x0 build/system_stm32f1xx.o
 .bss           0x00000000        0x0 build/system_stm32f1xx.o
 .rodata.APBPrescTable
                0x00000000        0x8 build/system_stm32f1xx.o

Memory Configuration

Name             Origin             Length             Attributes
FLASH            0x08000000         0x00010000         xr
SRAM             0x20000000         0x00005000         xrw
*default*        0x00000000         0xffffffff

Linker script and memory map

LOAD build/main.o
LOAD build/startup.o
LOAD build/system_stm32f1xx.o
START GROUP
LOAD /usr/lib/gcc/arm-none-eabi/14.2.1/thumb/v7-m/nofp/libgcc.a
LOAD /usr/lib/gcc/arm-none-eabi/14.2.1/../../../arm-none-eabi/lib/thumb/v7-m/nofp/libg.a
LOAD /usr/lib/gcc/arm-none-eabi/14.2.1/../../../arm-none-eabi/lib/thumb/v7-m/nofp/libc.a
END GROUP
                0x20005000                        PROVIDE (_stack_top = (ORIGIN (SRAM) + LENGTH (SRAM)))

.isr_vector     0x08000000       0xec
                0x08000000                        . = ALIGN (0x4)
 *(.isr_vector)
 .isr_vector    0x08000000       0xec build/startup.o
                0x08000000                interrupt_vector
                0x080000ec                        . = ALIGN (0x4)

.text           0x080000ec     0x20f4
                0x080000ec                        . = ALIGN (0x4)
 *(.text*)
 .text.delay_ms
                0x080000ec       0x14 build/main.o
 .text.usart1_putc
                0x08000100       0x14 build/main.o
 .text.usart1_puts
                0x08000114       0x14 build/main.o
 .text.usart1_put_hex8
                0x08000128       0x20 build/main.o
 .text.usart1_put_hex16
                0x08000148       0x12 build/main.o
 .text.usart1_put_hex32
                0x0800015a       0x12 build/main.o
 .text.usart1_put_dec_u32
                0x0800016c       0x58 build/main.o
 .text.usart1_init
                0x080001c4       0x60 build/main.o
 .text.led_init
                0x08000224       0x2c build/main.o
 .text.led_set  0x08000250       0x1c build/main.o
 .text.sd_spi_set_prescaler
                0x0800026c       0x24 build/main.o
 .text.sd_spi_init
                0x08000290       0x54 build/main.o
 .text.sd_spi_xfer
                0x080002e4       0x24 build/main.o
 .text.sd_deselect
                0x08000308       0x14 build/main.o
 .text.sd_wait_ready
                0x0800031c       0x20 build/main.o
 .text.sd_select
                0x0800033c       0x18 build/main.o
 .text.sd_send_initial_clocks
                0x08000354       0x18 build/main.o
 .text.sd_send_command_selected
                0x0800036c       0x4a build/main.o
 .text.sd_send_command
                0x080003b6       0x2e build/main.o
 .text.sd_send_app_command
                0x080003e4       0x22 build/main.o
 *fill*         0x08000406        0x2 
 .text.sd_read_data_selected
                0x08000408       0x4c build/main.o
 .text.sd_read_register
                0x08000454       0x48 build/main.o
 .text.sd_read_ocr
                0x0800049c       0x7a build/main.o
 *fill*         0x08000516        0x2 
 .text.sd_read_block
                0x08000518       0x54 build/main.o
 .text.sd_extract_bits
                0x0800056c       0x34 build/main.o
 .text.sd_print_bytes
                0x080005a0       0x30 build/main.o
 .text.sector_has_string
                0x080005d0       0x2c build/main.o
 .text.read_le16
                0x080005fc        0xa build/main.o
 .text.read_le32
                0x08000606       0x16 build/main.o
 .text.read_le64
                0x0800061c       0x16 build/main.o
 *fill*         0x08000632        0x2 
 .text.sd_is_exfat_boot_sector
                0x08000634       0x14 build/main.o
 .text.sd_is_fat32_boot_sector
                0x08000648       0x14 build/main.o
 .text.sd_is_fat12_or_fat16_boot_sector
                0x0800065c       0x30 build/main.o
 .text.usart1_put_dec_u64
                0x0800068c       0xcc build/main.o
 .text.usart1_put_escaped_byte
                0x08000758       0x48 build/main.o
 .text.sd_print_sector_prefix
                0x080007a0       0x54 build/main.o
 .text.sd_partition_type_is_fat_like
                0x080007f4       0x16 build/main.o
 .text.sd_parse_partition_entry
                0x0800080a       0x22 build/main.o
 .text.sd_print_partition_entry
                0x0800082c       0x64 build/main.o
 .text.sd_find_primary_volume
                0x08000890       0xa8 build/main.o
 .text.sd_print_generic_bpb
                0x08000938      0x100 build/main.o
 .text.sd_print_boot_sector_summary
                0x08000a38      0x224 build/main.o
 .text.sd_print_data_prefix
                0x08000c5c       0x34 build/main.o
 .text.sd_probe_fat32_aux
                0x08000c90      0x13c build/main.o
 .text.fat32_parse_volume
                0x08000dcc       0xb4 build/main.o
 .text.fat32_cluster_to_lba
                0x08000e80        0xc build/main.o
 .text.fat32_read_fat_entry
                0x08000e8c       0x34 build/main.o
 .text.fat32_cluster_is_eoc
                0x08000ec0       0x10 build/main.o
 .text.fat32_format_short_name
                0x08000ed0       0x82 build/main.o
 *fill*         0x08000f52        0x2 
 .text.fat32_print_dir_entry
                0x08000f54       0x6c build/main.o
 .text.fat32_parse_dir_entry
                0x08000fc0       0x54 build/main.o
 .text.fat32_list_directory
                0x08001014       0x98 build/main.o
 .text.fat32_find_in_root
                0x080010ac       0xc4 build/main.o
 .text.fat32_dump_file_prefix
                0x08001170       0xc0 build/main.o
 .text.sd_print_cid_summary
                0x08001230       0xf8 build/main.o
 .text.sd_print_csd_summary
                0x08001328       0xb4 build/main.o
 .text.sd_card_init
                0x080013dc      0x240 build/main.o
 .text.SysTick_Handler
                0x0800161c       0x10 build/main.o
                0x0800161c                SysTick_Handler
 .text.main     0x0800162c      0x2b4 build/main.o
                0x0800162c                main
 .text.Default_Handler
                0x080018e0        0x2 build/startup.o
                0x080018e0                DebugMon_Handler
                0x080018e0                HardFault_Handler
                0x080018e0                PendSV_Handler
                0x080018e0                NMI_Handler
                0x080018e0                UsageFault_Handler
                0x080018e0                MemManage_Handler
                0x080018e0                SVC_Handler
                0x080018e0                BusFault_Handler
 *fill*         0x080018e2        0x2 
 .text.Reset_Handler
                0x080018e4       0x44 build/startup.o
                0x080018e4                Reset_Handler
 .text.SystemInit
                0x08001928        0x2 build/system_stm32f1xx.o
                0x08001928                SystemInit
 *fill*         0x0800192a        0x2 
 .text.SystemCoreClockUpdate
                0x0800192c       0x94 build/system_stm32f1xx.o
                0x0800192c                SystemCoreClockUpdate
 *(.rodata*)
 .rodata.sd_print_bytes.str1.4
                0x080019c0      0x7e4 build/main.o
                                  0x3 (size before relaxing)
 .rodata.sd_is_exfat_boot_sector.str1.4
                0x080021a4        0x9 build/main.o
 .rodata.sd_is_fat32_boot_sector.str1.4
                0x080021a4        0x9 build/main.o
 .rodata.sd_is_fat12_or_fat16_boot_sector.str1.4
                0x080021a4       0x15 build/main.o
 .rodata.usart1_put_escaped_byte.str1.4
                0x080021a4        0xb build/main.o
 .rodata.sd_print_sector_prefix.str1.4
                0x080021a4       0x13 build/main.o
 .rodata.sd_print_partition_entry.str1.4
                0x080021a4       0x3a build/main.o
 .rodata.sd_print_generic_bpb.str1.4
                0x080021a4       0x92 build/main.o
 .rodata.sd_print_boot_sector_summary.str1.4
                0x080021a4      0x182 build/main.o
 .rodata.sd_probe_fat32_aux.str1.4
                0x080021a4       0xb4 build/main.o
 .rodata.fat32_print_dir_entry.str1.4
                0x080021a4       0x2b build/main.o
 .rodata.fat32_list_directory.str1.4
                0x080021a4       0x25 build/main.o
 .rodata.fat32_dump_file_prefix.str1.4
                0x080021a4        0x4 build/main.o
 .rodata.sd_print_cid_summary.str1.4
                0x080021a4       0x46 build/main.o
 .rodata.sd_print_csd_summary.str1.4
                0x080021a4       0x79 build/main.o
 .rodata.sd_card_init.str1.4
                0x080021a4       0xa8 build/main.o
 .rodata.main.str1.4
                0x080021a4      0x2cc build/main.o
 .rodata.hex.0  0x080021a4       0x11 build/main.o
 *fill*         0x080021b5        0x3 
 .rodata.config_name.1
                0x080021b8        0xb build/main.o
 *fill*         0x080021c3        0x1 
 .rodata.cmdline_name.2
                0x080021c4        0xb build/main.o
 *fill*         0x080021cf        0x1 
 .rodata.AHBPrescTable
                0x080021d0       0x10 build/system_stm32f1xx.o
                0x080021d0                AHBPrescTable
 *(.glue_7)
 .glue_7        0x080021e0        0x0 linker stubs
 *(.glue_7t)
 .glue_7t       0x080021e0        0x0 linker stubs
 *(.eh_frame*)
                0x080021e0                        . = ALIGN (0x4)
                0x080021e0                        _etext = .

.vfp11_veneer   0x080021e0        0x0
 .vfp11_veneer  0x080021e0        0x0 linker stubs

.v4_bx          0x080021e0        0x0
 .v4_bx         0x080021e0        0x0 linker stubs

.iplt           0x080021e0        0x0
 .iplt          0x080021e0        0x0 build/main.o

.rel.dyn        0x080021e0        0x0
 .rel.iplt      0x080021e0        0x0 build/main.o

.ARM.exidx      0x080021e0        0x0
                0x080021e0                        . = ALIGN (0x4)
 *(.ARM.exidx*)
                0x080021e0                        . = ALIGN (0x4)
                0x080021e0                        _sidata = LOADADDR (.data)

.data           0x20000000        0x4 load address 0x080021e0
                0x20000000                        . = ALIGN (0x4)
                0x20000000                        _sdata = .
 *(.data*)
 .data.SystemCoreClock
                0x20000000        0x4 build/system_stm32f1xx.o
                0x20000000                SystemCoreClock
                0x20000004                        . = ALIGN (0x4)
                0x20000004                        _edata = .

.igot.plt       0x20000004        0x0 load address 0x080021e4
 .igot.plt      0x20000004        0x0 build/main.o

.bss            0x20000004      0x208 load address 0x080021e4
                0x20000004                        . = ALIGN (0x4)
                0x20000004                        _sbss = .
 *(.bss*)
 .bss.g_sector0
                0x20000004      0x200 build/main.o
 .bss.g_sd_is_sdhc
                0x20000204        0x1 build/main.o
 *fill*         0x20000205        0x3 
 .bss.g_ms_ticks
                0x20000208        0x4 build/main.o
 *(COMMON)
                0x2000020c                        . = ALIGN (0x4)
                0x2000020c                        _ebss = .
OUTPUT(sd_fat32_ro.elf elf32-littlearm)
LOAD linker stubs

.debug_info     0x00000000     0x44af
 .debug_info    0x00000000     0x413f build/main.o
 .debug_info    0x0000413f      0x164 build/startup.o
 .debug_info    0x000042a3      0x20c build/system_stm32f1xx.o

.debug_abbrev   0x00000000      0x661
 .debug_abbrev  0x00000000      0x420 build/main.o
 .debug_abbrev  0x00000420       0xfd build/startup.o
 .debug_abbrev  0x0000051d      0x144 build/system_stm32f1xx.o

.debug_loclists
                0x00000000     0x15c4
 .debug_loclists
                0x00000000     0x14b0 build/main.o
 .debug_loclists
                0x000014b0       0x5d build/startup.o
 .debug_loclists
                0x0000150d       0xb7 build/system_stm32f1xx.o

.debug_aranges  0x00000000      0x240
 .debug_aranges
                0x00000000      0x1f0 build/main.o
 .debug_aranges
                0x000001f0       0x28 build/startup.o
 .debug_aranges
                0x00000218       0x28 build/system_stm32f1xx.o

.debug_rnglists
                0x00000000      0x214
 .debug_rnglists
                0x00000000      0x1e1 build/main.o
 .debug_rnglists
                0x000001e1       0x19 build/startup.o
 .debug_rnglists
                0x000001fa       0x1a build/system_stm32f1xx.o

.debug_line     0x00000000     0x1d2d
 .debug_line    0x00000000     0x1a7f build/main.o
 .debug_line    0x00001a7f       0xf3 build/startup.o
 .debug_line    0x00001b72      0x1bb build/system_stm32f1xx.o

.debug_str      0x00000000      0xf63
 .debug_str     0x00000000      0xf63 build/main.o
                                0xf12 (size before relaxing)
 .debug_str     0x00000f63      0x1f9 build/startup.o
 .debug_str     0x00000f63      0x238 build/system_stm32f1xx.o

.comment        0x00000000       0x26
 .comment       0x00000000       0x26 build/main.o
                                 0x27 (size before relaxing)
 .comment       0x00000026       0x27 build/startup.o
 .comment       0x00000026       0x27 build/system_stm32f1xx.o

.ARM.attributes
                0x00000000       0x2d
 .ARM.attributes
                0x00000000       0x2d build/main.o
 .ARM.attributes
                0x0000002d       0x2d build/startup.o
 .ARM.attributes
                0x0000005a       0x2d build/system_stm32f1xx.o

.debug_frame    0x00000000      0x6cc
 .debug_frame   0x00000000      0x664 build/main.o
 .debug_frame   0x00000664       0x38 build/startup.o
 .debug_frame   0x0000069c       0x30 build/system_stm32f1xx.o
